<html>
<body>
<pre>
<h1>µVision Build Log</h1>
<h2>Tool Versions:</h2>
IDE-Version: ¦ÌVision V5.24.2.0
Copyright (C) 2017 ARM Ltd and ARM Germany GmbH. All rights reserved.
License Information: 1 lianyun, 1, LIC=CZLZX-HXJXE-TGU7T-RD0RV-KEDBD-31HK1
 
Tool Versions:
Toolchain:       MDK-ARM Plus  Version: 5.24.1
Toolchain Path:  C:\Keil_v5\ARM\ARMCC\Bin
C Compiler:      Armcc.exe V5.06 update 5 (build 528)
Assembler:       Armasm.exe V5.06 update 5 (build 528)
Linker/Locator:  ArmLink.exe V5.06 update 5 (build 528)
Library Manager: ArmAr.exe V5.06 update 5 (build 528)
Hex Converter:   FromElf.exe V5.06 update 5 (build 528)
CPU DLL:         SARMCM3.DLL V5.24.1
Dialog DLL:      DCM.DLL V1.16.0.0
Target DLL:      STLink\ST-LINKIII-KEIL_SWO.dll V3.0.1.0
Dialog DLL:      TCM.DLL V1.32.0.0
 
<h2>Project:</h2>
D:\keil project\ckyf3\ckyf_03\MDK-ARM\ckyf_03.uvprojx
Project File Date:  04/05/2026

<h2>Output:</h2>
*** Using Compiler 'V5.06 update 5 (build 528)', folder: 'C:\Keil_v5\ARM\ARMCC\Bin'
Build target 'ckyf_03'
compiling freertos.c...
../Core/Src/freertos.c(308): warning:  #177-D: variable "x_now"  was declared but never referenced
  	fp32 x_now=0,x_tar=0,y_now=0,y_tar=0,t_now=0,t_tar=0;
../Core/Src/freertos.c(308): warning:  #177-D: variable "x_tar"  was declared but never referenced
  	fp32 x_now=0,x_tar=0,y_now=0,y_tar=0,t_now=0,t_tar=0;
../Core/Src/freertos.c(308): warning:  #177-D: variable "y_now"  was declared but never referenced
  	fp32 x_now=0,x_tar=0,y_now=0,y_tar=0,t_now=0,t_tar=0;
../Core/Src/freertos.c(308): warning:  #177-D: variable "y_tar"  was declared but never referenced
  	fp32 x_now=0,x_tar=0,y_now=0,y_tar=0,t_now=0,t_tar=0;
../Core/Src/freertos.c(308): warning:  #177-D: variable "t_now"  was declared but never referenced
  	fp32 x_now=0,x_tar=0,y_now=0,y_tar=0,t_now=0,t_tar=0;
../Core/Src/freertos.c(308): warning:  #177-D: variable "t_tar"  was declared but never referenced
  	fp32 x_now=0,x_tar=0,y_now=0,y_tar=0,t_now=0,t_tar=0;
../Core/Src/freertos.c(417): warning:  #177-D: variable "T_add"  was declared but never referenced
  	fp32 T_add=0;
../Core/Src/freertos.c: 7 warnings, 0 errors
linking...
Program Size: Code=39320 RO-data=4328 RW-data=448 ZI-data=14160  
FromELF: creating hex file...
".\ckyf_03.axf" - 0 Error(s), 7 Warning(s).

<h2>Software Packages used:</h2>

Package Vendor: ARM
                http://www.keil.com/pack/ARM.CMSIS.5.0.1.pack
                ARM.CMSIS.5.0.1
                CMSIS (Cortex Microcontroller Software Interface Standard)
   * Component: CORE Version: 5.0.1

Package Vendor: Keil
                https://www.keil.com/pack/Keil.STM32F1xx_DFP.2.4.1.pack
                Keil.STM32F1xx_DFP.2.4.1
                STMicroelectronics STM32F1 Series Device Support, Drivers and Examples

<h2>Collection of Component include folders:</h2>
  .\RTE\_ckyf_03
  C:\Keil_v5\ARM\PACK\ARM\CMSIS\5.0.1\CMSIS\Include
  C:\Keil_v5\ARM\PACK\Keil\STM32F1xx_DFP\2.4.1\Device\Include

<h2>Collection of Component Files used:</h2>

   * Component: ARM::CMSIS:CORE:5.0.1
Build Time Elapsed:  00:00:02
</pre>
</body>
</html>
