Component: ARM Compiler 5.06 update 5 (build 528) Tool: armlink [4d35e2]

==============================================================================

Section Cross References

    startup_stm32f103xb.o(STACK) refers (Special) to heapauxi.o(.text) for __use_two_region_memory
    startup_stm32f103xb.o(HEAP) refers (Special) to heapauxi.o(.text) for __use_two_region_memory
    startup_stm32f103xb.o(RESET) refers (Special) to heapauxi.o(.text) for __use_two_region_memory
    startup_stm32f103xb.o(RESET) refers to startup_stm32f103xb.o(STACK) for __initial_sp
    startup_stm32f103xb.o(RESET) refers to startup_stm32f103xb.o(.text) for Reset_Handler
    startup_stm32f103xb.o(RESET) refers to stm32f1xx_it.o(i.NMI_Handler) for NMI_Handler
    startup_stm32f103xb.o(RESET) refers to stm32f1xx_it.o(i.HardFault_Handler) for HardFault_Handler
    startup_stm32f103xb.o(RESET) refers to stm32f1xx_it.o(i.MemManage_Handler) for MemManage_Handler
    startup_stm32f103xb.o(RESET) refers to stm32f1xx_it.o(i.BusFault_Handler) for BusFault_Handler
    startup_stm32f103xb.o(RESET) refers to stm32f1xx_it.o(i.UsageFault_Handler) for UsageFault_Handler
    startup_stm32f103xb.o(RESET) refers to port.o(.emb_text) for SVC_Handler
    startup_stm32f103xb.o(RESET) refers to stm32f1xx_it.o(i.DebugMon_Handler) for DebugMon_Handler
    startup_stm32f103xb.o(RESET) refers to cmsis_os2.o(i.SysTick_Handler) for SysTick_Handler
    startup_stm32f103xb.o(RESET) refers to stm32f1xx_it.o(i.PVD_IRQHandler) for PVD_IRQHandler
    startup_stm32f103xb.o(RESET) refers to stm32f1xx_it.o(i.EXTI4_IRQHandler) for EXTI4_IRQHandler
    startup_stm32f103xb.o(RESET) refers to stm32f1xx_it.o(i.EXTI9_5_IRQHandler) for EXTI9_5_IRQHandler
    startup_stm32f103xb.o(RESET) refers to stm32f1xx_it.o(i.TIM1_UP_IRQHandler) for TIM1_UP_IRQHandler
    startup_stm32f103xb.o(RESET) refers to stm32f1xx_it.o(i.TIM3_IRQHandler) for TIM3_IRQHandler
    startup_stm32f103xb.o(RESET) refers to stm32f1xx_it.o(i.EXTI15_10_IRQHandler) for EXTI15_10_IRQHandler
    startup_stm32f103xb.o(.text) refers (Special) to heapauxi.o(.text) for __use_two_region_memory
    startup_stm32f103xb.o(.text) refers to system_stm32f1xx.o(i.SystemInit) for SystemInit
    startup_stm32f103xb.o(.text) refers to __main.o(!!!main) for __main
    startup_stm32f103xb.o(.text) refers to startup_stm32f103xb.o(HEAP) for Heap_Mem
    startup_stm32f103xb.o(.text) refers to startup_stm32f103xb.o(STACK) for Stack_Mem
    inv_mpu.o(i.accel_self_test) refers to inv_mpu.o(i.get_accel_prod_shift) for get_accel_prod_shift
    inv_mpu.o(i.accel_self_test) refers to fflt_clz.o(x$fpl$fflt) for __aeabi_i2f
    inv_mpu.o(i.accel_self_test) refers to fdiv.o(x$fpl$fdiv) for __aeabi_fdiv
    inv_mpu.o(i.accel_self_test) refers to feqf.o(x$fpl$feqf) for __aeabi_cfcmpeq
    inv_mpu.o(i.accel_self_test) refers to faddsub_clz.o(x$fpl$fsub) for __aeabi_fsub
    inv_mpu.o(i.accel_self_test) refers to frleqf.o(x$fpl$frleqf) for __aeabi_cfrcmple
    inv_mpu.o(i.accel_self_test) refers to fleqf.o(x$fpl$fleqf) for __aeabi_cfcmple
    inv_mpu.o(i.accel_self_test) refers to inv_mpu.o(.constdata) for test
    inv_mpu.o(i.get_accel_prod_shift) refers to stm32f1xx_hal_i2c.o(i.HAL_I2C_Mem_Read) for HAL_I2C_Mem_Read
    inv_mpu.o(i.get_accel_prod_shift) refers to fmul.o(x$fpl$fmul) for __aeabi_fmul
    inv_mpu.o(i.get_accel_prod_shift) refers to inv_mpu.o(.data) for st
    inv_mpu.o(i.get_accel_prod_shift) refers to i2c.o(.bss) for hi2c1
    inv_mpu.o(i.get_st_biases) refers to stm32f1xx_hal_i2c.o(i.HAL_I2C_Mem_Write) for HAL_I2C_Mem_Write
    inv_mpu.o(i.get_st_biases) refers to stm32f1xx_hal.o(i.HAL_Delay) for HAL_Delay
    inv_mpu.o(i.get_st_biases) refers to stm32f1xx_hal_i2c.o(i.HAL_I2C_Mem_Read) for HAL_I2C_Mem_Read
    inv_mpu.o(i.get_st_biases) refers to inv_mpu.o(.data) for st
    inv_mpu.o(i.get_st_biases) refers to i2c.o(.bss) for hi2c1
    inv_mpu.o(i.get_st_biases) refers to inv_mpu.o(.constdata) for test
    inv_mpu.o(i.get_st_biases) refers to llsdiv.o(.text) for __aeabi_ldivmod
    inv_mpu.o(i.gyro_self_test) refers to stm32f1xx_hal_i2c.o(i.HAL_I2C_Mem_Read) for HAL_I2C_Mem_Read
    inv_mpu.o(i.gyro_self_test) refers to fflt_clz.o(x$fpl$fflt) for __aeabi_i2f
    inv_mpu.o(i.gyro_self_test) refers to fdiv.o(x$fpl$fdiv) for __aeabi_fdiv
    inv_mpu.o(i.gyro_self_test) refers to fflt_clz.o(x$fpl$ffltu) for __aeabi_ui2f
    inv_mpu.o(i.gyro_self_test) refers to fmul.o(x$fpl$fmul) for __aeabi_fmul
    inv_mpu.o(i.gyro_self_test) refers to faddsub_clz.o(x$fpl$fsub) for __aeabi_fsub
    inv_mpu.o(i.gyro_self_test) refers to frleqf.o(x$fpl$frleqf) for __aeabi_cfrcmple
    inv_mpu.o(i.gyro_self_test) refers to fleqf.o(x$fpl$fleqf) for __aeabi_cfcmple
    inv_mpu.o(i.gyro_self_test) refers to inv_mpu.o(.data) for st
    inv_mpu.o(i.gyro_self_test) refers to i2c.o(.bss) for hi2c1
    inv_mpu.o(i.gyro_self_test) refers to inv_mpu.o(.constdata) for test
[...]
    DMA1_Channel5_IRQHandler                 0x0800027b   Thumb Code     0  startup_stm32f103xb.o(.text)
    DMA1_Channel6_IRQHandler                 0x0800027b   Thumb Code     0  startup_stm32f103xb.o(.text)
    DMA1_Channel7_IRQHandler                 0x0800027b   Thumb Code     0  startup_stm32f103xb.o(.text)
    EXTI0_IRQHandler                         0x0800027b   Thumb Code     0  startup_stm32f103xb.o(.text)
    EXTI1_IRQHandler                         0x0800027b   Thumb Code     0  startup_stm32f103xb.o(.text)
    EXTI2_IRQHandler                         0x0800027b   Thumb Code     0  startup_stm32f103xb.o(.text)
    EXTI3_IRQHandler                         0x0800027b   Thumb Code     0  startup_stm32f103xb.o(.text)
    FLASH_IRQHandler                         0x0800027b   Thumb Code     0  startup_stm32f103xb.o(.text)
    I2C1_ER_IRQHandler                       0x0800027b   Thumb Code     0  startup_stm32f103xb.o(.text)
    I2C1_EV_IRQHandler                       0x0800027b   Thumb Code     0  startup_stm32f103xb.o(.text)
    I2C2_ER_IRQHandler                       0x0800027b   Thumb Code     0  startup_stm32f103xb.o(.text)
    I2C2_EV_IRQHandler                       0x0800027b   Thumb Code     0  startup_stm32f103xb.o(.text)
    RCC_IRQHandler                           0x0800027b   Thumb Code     0  startup_stm32f103xb.o(.text)
    RTC_Alarm_IRQHandler                     0x0800027b   Thumb Code     0  startup_stm32f103xb.o(.text)
    RTC_IRQHandler                           0x0800027b   Thumb Code     0  startup_stm32f103xb.o(.text)
    SPI1_IRQHandler                          0x0800027b   Thumb Code     0  startup_stm32f103xb.o(.text)
    SPI2_IRQHandler                          0x0800027b   Thumb Code     0  startup_stm32f103xb.o(.text)
    TAMPER_IRQHandler                        0x0800027b   Thumb Code     0  startup_stm32f103xb.o(.text)
    TIM1_BRK_IRQHandler                      0x0800027b   Thumb Code     0  startup_stm32f103xb.o(.text)
    TIM1_CC_IRQHandler                       0x0800027b   Thumb Code     0  startup_stm32f103xb.o(.text)
    TIM1_TRG_COM_IRQHandler                  0x0800027b   Thumb Code     0  startup_stm32f103xb.o(.text)
    TIM2_IRQHandler                          0x0800027b   Thumb Code     0  startup_stm32f103xb.o(.text)
    TIM4_IRQHandler                          0x0800027b   Thumb Code     0  startup_stm32f103xb.o(.text)
    USART1_IRQHandler                        0x0800027b   Thumb Code     0  startup_stm32f103xb.o(.text)
    USART2_IRQHandler                        0x0800027b   Thumb Code     0  startup_stm32f103xb.o(.text)
    USART3_IRQHandler                        0x0800027b   Thumb Code     0  startup_stm32f103xb.o(.text)
    USBWakeUp_IRQHandler                     0x0800027b   Thumb Code     0  startup_stm32f103xb.o(.text)
    USB_HP_CAN1_TX_IRQHandler                0x0800027b   Thumb Code     0  startup_stm32f103xb.o(.text)
    USB_LP_CAN1_RX0_IRQHandler               0x0800027b   Thumb Code     0  startup_stm32f103xb.o(.text)
    WWDG_IRQHandler                          0x0800027b   Thumb Code     0  startup_stm32f103xb.o(.text)
    __user_initial_stackheap                 0x0800027d   Thumb Code     0  startup_stm32f103xb.o(.text)
    memcmp                                   0x080002a1   Thumb Code    88  memcmp.o(.text)
    __aeabi_memcpy                           0x080002f9   Thumb Code     0  rt_memcpy_v6.o(.text)
    __rt_memcpy                              0x080002f9   Thumb Code   138  rt_memcpy_v6.o(.text)
    _memcpy_lastbytes                        0x0800035f   Thumb Code     0  rt_memcpy_v6.o(.text)
    __aeabi_memset                           0x08000383   Thumb Code    16  aeabi_memset.o(.text)
    __aeabi_memclr4                          0x08000393   Thumb Code     0  rt_memclr_w.o(.text)
    __aeabi_memclr8                          0x08000393   Thumb Code     0  rt_memclr_w.o(.text)
    __rt_memclr_w                            0x08000393   Thumb Code    78  rt_memclr_w.o(.text)
    _memset_w                                0x08000397   Thumb Code     0  rt_memclr_w.o(.text)
    __use_two_region_memory                  0x080003e1   Thumb Code     2  heapauxi.o(.text)
    __rt_heap_escrow$2region                 0x080003e3   Thumb Code     2  heapauxi.o(.text)
    __rt_heap_expand$2region                 0x080003e5   Thumb Code     2  heapauxi.o(.text)
    __read_errno                             0x080003e7   Thumb Code    10  _rserrno.o(.text)
    __set_errno                              0x080003f1   Thumb Code    12  _rserrno.o(.text)
    __aeabi_memcpy4                          0x080003fd   Thumb Code     0  rt_memcpy_w.o(.text)
    __aeabi_memcpy8                          0x080003fd   Thumb Code     0  rt_memcpy_w.o(.text)
    __rt_memcpy_w                            0x080003fd   Thumb Code   100  rt_memcpy_w.o(.text)
    _memcpy_lastbytes_aligned                0x08000445   Thumb Code     0  rt_memcpy_w.o(.text)
    __aeabi_memclr                           0x08000461   Thumb Code     0  rt_memclr.o(.text)
    __rt_memclr                              0x08000461   Thumb Code    68  rt_memclr.o(.text)
    _memset                                  0x08000465   Thumb Code     0  rt_memclr.o(.text)
    __aeabi_errno_addr                       0x080004a5   Thumb Code     8  rt_errno_addr_intlibspace.o(.text)
    __errno$intlibspace                      0x080004a5   Thumb Code     0  rt_errno_addr_intlibspace.o(.text)
    __rt_errno_addr$intlibspace              0x080004a5   Thumb Code     0  rt_errno_addr_intlibspace.o(.text)
    __user_libspace                          0x080004ad   Thumb Code     8  libspace.o(.text)
    __user_perproc_libspace                  0x080004ad   Thumb Code     0  libspace.o(.text)
    __user_perthread_libspace                0x080004ad   Thumb Code     0  libspace.o(.text)
    __user_setup_stackheap                   0x080004b5   Thumb Code    74  sys_stackheap_outer.o(.text)
    exit                                     0x080004ff   Thumb Code    18  exit.o(.text)
    _sys_exit                                0x08000511   Thumb Code     8  sys_exit.o(.text)
    __I$use$semihosting                      0x0800051d   Thumb Code     0  use_no_semi.o(.text)
    __use_no_semihosting_swi                 0x0800051d   Thumb Code     2  use_no_semi.o(.text)
    BusFault_Handler                         0x0800051f   Thumb Code     4  stm32f1xx_it.o(i.BusFault_Handler)
    __semihosting_library_function           0x0800051f   Thumb Code     0  indicate_semi.o(.text)
    Callback01                               0x08000523   Thumb Code     2  freertos.o(i.Callback01)
    DebugMon_Handler                         0x08000525   Thumb Code     2  stm32f1xx_it.o(i.DebugMon_Handler)
    EXTI15_10_IRQHandler                     0x08000527   Thumb Code    36  stm32f1xx_it.o(i.EXTI15_10_IRQHandler)
    EXTI4_IRQHandler                         0x0800054b   Thumb Code    10  stm32f1xx_it.o(i.EXTI4_IRQHandler)
    EXTI9_5_IRQHandler                       0x08000555   Thumb Code    22  stm32f1xx_it.o(i.EXTI9_5_IRQHandler)
    EncodeProcess                            0x0800056b   Thumb Code   108  encoder.o(i.EncodeProcess)
    Error_Handler                            0x080005d7   Thumb Code     6  main.o(i.Error_Handler)
    HAL_Delay                                0x080005dd   Thumb Code    36  stm32f1xx_hal.o(i.HAL_Delay)
    HAL_GPIO_EXTI_Callback                   0x08000605   Thumb Code    98  main.o(i.HAL_GPIO_EXTI_Callback)
    HAL_GPIO_EXTI_IRQHandler                 0x08000681   Thumb Code    24  stm32f1xx_hal_gpio.o(i.HAL_GPIO_EXTI_IRQHandler)
    HAL_GPIO_Init                            0x0800069d   Thumb Code   766  stm32f1xx_hal_gpio.o(i.HAL_GPIO_Init)
    HAL_GPIO_ReadPin                         0x080009bd   Thumb Code    16  stm32f1xx_hal_gpio.o(i.HAL_GPIO_ReadPin)
    HAL_GPIO_WritePin                        0x080009cd   Thumb Code    12  stm32f1xx_hal_gpio.o(i.HAL_GPIO_WritePin)
    HAL_GetTick                              0x080009d9   Thumb Code     6  stm32f1xx_hal.o(i.HAL_GetTick)
    HAL_I2C_Init                             0x080009e5   Thumb Code   446  stm32f1xx_hal_i2c.o(i.HAL_I2C_Init)
    HAL_I2C_Mem_Read                         0x08000bb5   Thumb Code   868  stm32f1xx_hal_i2c.o(i.HAL_I2C_Mem_Read)
    HAL_I2C_Mem_Write                        0x08000f29   Thumb Code   348  stm32f1xx_hal_i2c.o(i.HAL_I2C_Mem_Write)
    HAL_I2C_MspInit                          0x0800108d   Thumb Code   124  i2c.o(i.HAL_I2C_MspInit)
    HAL_IncTick                              0x08001119   Thumb Code    16  stm32f1xx_hal.o(i.HAL_IncTick)
    HAL_Init                                 0x08001131   Thumb Code    34  stm32f1xx_hal.o(i.HAL_Init)
    HAL_InitTick                             0x08001159   Thumb Code   138  stm32f1xx_hal_timebase_tim.o(i.HAL_InitTick)
    HAL_MspInit                              0x080011f9   Thumb Code   102  stm32f1xx_hal_msp.o(i.HAL_MspInit)
    HAL_NVIC_EnableIRQ                       0x08001269   Thumb Code    32  stm32f1xx_hal_cortex.o(i.HAL_NVIC_EnableIRQ)
    HAL_NVIC_SetPriority                     0x08001289   Thumb Code   124  stm32f1xx_hal_cortex.o(i.HAL_NVIC_SetPriority)
    HAL_NVIC_SetPriorityGrouping             0x08001305   Thumb Code    32  stm32f1xx_hal_cortex.o(i.HAL_NVIC_SetPriorityGrouping)
    HAL_PWR_PVDCallback                      0x0800132d   Thumb Code     2  stm32f1xx_hal_pwr.o(i.HAL_PWR_PVDCallback)
    HAL_PWR_PVD_IRQHandler                   0x08001331   Thumb Code    26  stm32f1xx_hal_pwr.o(i.HAL_PWR_PVD_IRQHandler)
    HAL_RCC_ClockConfig                      0x08001351   Thumb Code   376  stm32f1xx_hal_rcc.o(i.HAL_RCC_ClockConfig)
    HAL_RCC_GetClockConfig                   0x080014dd   Thumb Code    58  stm32f1xx_hal_rcc.o(i.HAL_RCC_GetClockConfig)
    HAL_RCC_GetHCLKFreq                      0x08001521   Thumb Code     6  stm32f1xx_hal_rcc.o(i.HAL_RCC_GetHCLKFreq)
    HAL_RCC_GetPCLK1Freq                     0x0800152d   Thumb Code    22  stm32f1xx_hal_rcc.o(i.HAL_RCC_GetPCLK1Freq)
    HAL_RCC_GetPCLK2Freq                     0x0800154d   Thumb Code    22  stm32f1xx_hal_rcc.o(i.HAL_RCC_GetPCLK2Freq)
    HAL_RCC_GetSysClockFreq                  0x0800156d   Thumb Code    92  stm32f1xx_hal_rcc.o(i.HAL_RCC_GetSysClockFreq)
    HAL_RCC_OscConfig                        0x080015dd   Thumb Code  1114  stm32f1xx_hal_rcc.o(i.HAL_RCC_OscConfig)
    HAL_TIMEx_BreakCallback                  0x08001a41   Thumb Code     2  stm32f1xx_hal_tim_ex.o(i.HAL_TIMEx_BreakCallback)
    HAL_TIMEx_CommutCallback                 0x08001a43   Thumb Code     2  stm32f1xx_hal_tim_ex.o(i.HAL_TIMEx_CommutCallback)
    HAL_TIMEx_MasterConfigSynchronization    0x08001a45   Thumb Code   118  stm32f1xx_hal_tim_ex.o(i.HAL_TIMEx_MasterConfigSynchronization)
    HAL_TIM_Base_Init                        0x08001ac9   Thumb Code   102  stm32f1xx_hal_tim.o(i.HAL_TIM_Base_Init)
    HAL_TIM_Base_MspInit                     0x08001b31   Thumb Code    58  tim.o(i.HAL_TIM_Base_MspInit)
    HAL_TIM_Base_Start                       0x08001b75   Thumb Code    94  stm32f1xx_hal_tim.o(i.HAL_TIM_Base_Start)
    HAL_TIM_Base_Start_IT                    0x08001be1   Thumb Code   106  stm32f1xx_hal_tim.o(i.HAL_TIM_Base_Start_IT)
    HAL_TIM_ConfigClockSource                0x08001c59   Thumb Code   268  stm32f1xx_hal_tim.o(i.HAL_TIM_ConfigClockSource)
    HAL_TIM_IC_CaptureCallback               0x08001d65   Thumb Code     2  stm32f1xx_hal_tim.o(i.HAL_TIM_IC_CaptureCallback)
    HAL_TIM_IRQHandler                       0x08001d67   Thumb Code   364  stm32f1xx_hal_tim.o(i.HAL_TIM_IRQHandler)
    HAL_TIM_MspPostInit                      0x08001ed5   Thumb Code    74  tim.o(i.HAL_TIM_MspPostInit)
    HAL_TIM_OC_DelayElapsedCallback          0x08001f29   Thumb Code     2  stm32f1xx_hal_tim.o(i.HAL_TIM_OC_DelayElapsedCallback)
    HAL_TIM_PWM_ConfigChannel                0x08001f2b   Thumb Code   260  stm32f1xx_hal_tim.o(i.HAL_TIM_PWM_ConfigChannel)
    HAL_TIM_PWM_Init                         0x0800202f   Thumb Code   102  stm32f1xx_hal_tim.o(i.HAL_TIM_PWM_Init)
    HAL_TIM_PWM_MspInit                      0x08002095   Thumb Code    40  tim.o(i.HAL_TIM_PWM_MspInit)
    HAL_TIM_PWM_PulseFinishedCallback        0x080020c1   Thumb Code     2  stm32f1xx_hal_tim.o(i.HAL_TIM_PWM_PulseFinishedCallback)
    HAL_TIM_PWM_Start                        0x080020c5   Thumb Code   198  stm32f1xx_hal_tim.o(i.HAL_TIM_PWM_Start)
    HAL_TIM_PeriodElapsedCallback            0x08002199   Thumb Code   326  main.o(i.HAL_TIM_PeriodElapsedCallback)
    HAL_TIM_TriggerCallback                  0x08002319   Thumb Code     2  stm32f1xx_hal_tim.o(i.HAL_TIM_TriggerCallback)
    HardFault_Handler                        0x0800231b   Thumb Code     4  stm32f1xx_it.o(i.HardFault_Handler)
    MPU6050_DMP_Get_Date                     0x080028ad   Thumb Code   540  mpu6050.o(i.MPU6050_DMP_Get_Date)
    MPU6050_DMP_init                         0x08002acd   Thumb Code   156  mpu6050.o(i.MPU6050_DMP_init)
    MPU6050task02                            0x08002b6d   Thumb Code   140  freertos.o(i.MPU6050task02)
    MX_FREERTOS_Init                         0x08002c0d   Thumb Code   202  freertos.o(i.MX_FREERTOS_Init)
    MX_GPIO_Init                             0x08002d5d   Thumb Code   368  gpio.o(i.MX_GPIO_Init)
    MX_I2C1_Init                             0x08002ee1   Thumb Code    48  i2c.o(i.MX_I2C1_Init)
    MX_TIM2_Init                             0x08002f1d   Thumb Code   164  tim.o(i.MX_TIM2_Init)
    MX_TIM3_Init                             0x08002fc5   Thumb Code   104  tim.o(i.MX_TIM3_Init)
    MemManage_Handler                        0x08003035   Thumb Code     4  stm32f1xx_it.o(i.MemManage_Handler)
    NMI_Handler                              0x08003039   Thumb Code     4  stm32f1xx_it.o(i.NMI_Handler)
    PIDTask03                                0x0800303d   Thumb Code   932  freertos.o(i.PIDTask03)
    PID_calc                                 0x0800348d   Thumb Code   544  pid.o(i.PID_calc)
    PID_init                                 0x080036bd   Thumb Code    66  pid.o(i.PID_init)
    PS2_AnologData                           0x08003705   Thumb Code     8  ps2.o(i.PS2_AnologData)
    PS2_ClearData                            0x08003711   Thumb Code    20  ps2.o(i.PS2_ClearData)
    PS2_Cmd                                  0x08003729   Thumb Code   142  ps2.o(i.PS2_Cmd)
    PS2_DataKey                              0x080037c5   Thumb Code    70  ps2.o(i.PS2_DataKey)
    PS2_EnterConfing                         0x08003819   Thumb Code    90  ps2.o(i.PS2_EnterConfing)
    PS2_ExitConfing                          0x08003879   Thumb Code    90  ps2.o(i.PS2_ExitConfing)
    PS2_ReadData                             0x080038d9   Thumb Code   174  ps2.o(i.PS2_ReadData)
    PS2_SetInit                              0x08003995   Thumb Code    32  ps2.o(i.PS2_SetInit)
    PS2_ShortPoll                            0x080039b5   Thumb Code    66  ps2.o(i.PS2_ShortPoll)
    PS2_TurnOnAnalogMode                     0x080039fd   Thumb Code    84  ps2.o(i.PS2_TurnOnAnalogMode)
    PS2_VibrationMode                        0x08003a55   Thumb Code    66  ps2.o(i.PS2_VibrationMode)
    PVD_IRQHandler                           0x08003a9d   Thumb Code     8  stm32f1xx_it.o(i.PVD_IRQHandler)
    PWMSet                                   0x08003aa5   Thumb Code   222  pwmset.o(i.PWMSet)
    StartDefaultTask                         0x08003bb1   Thumb Code    10  freertos.o(i.StartDefaultTask)
    SysTick_Handler                          0x08003bbb   Thumb Code    22  cmsis_os2.o(i.SysTick_Handler)
    SystemClock_Config                       0x08003bd1   Thumb Code   102  main.o(i.SystemClock_Config)
    SystemInit                               0x08003c37   Thumb Code     2  system_stm32f1xx.o(i.SystemInit)
    TIM1_UP_IRQHandler                       0x08003c39   Thumb Code    10  stm32f1xx_it.o(i.TIM1_UP_IRQHandler)
    TIM3_IRQHandler                          0x08003c49   Thumb Code    10  stm32f1xx_it.o(i.TIM3_IRQHandler)
    TIM_Base_SetConfig                       0x08003c59   Thumb Code   120  stm32f1xx_hal_tim.o(i.TIM_Base_SetConfig)
    TIM_CCxChannelCmd                        0x08003cdd   Thumb Code    34  stm32f1xx_hal_tim.o(i.TIM_CCxChannelCmd)
    TIM_ETR_SetConfig                        0x08003cff   Thumb Code    22  stm32f1xx_hal_tim.o(i.TIM_ETR_SetConfig)
    TIM_OC2_SetConfig                        0x08003d89   Thumb Code   100  stm32f1xx_hal_tim.o(i.TIM_OC2_SetConfig)
    UsageFault_Handler                       0x08003f05   Thumb Code     4  stm32f1xx_it.o(i.UsageFault_Handler)
    __ARM_fpclassify                         0x08003f09   Thumb Code    40  fpclassify.o(i.__ARM_fpclassify)
    __kernel_poly                            0x08003f6f   Thumb Code   170  poly.o(i.__kernel_poly)
    __mathlib_dbl_infnan                     0x08004019   Thumb Code     6  dunder.o(i.__mathlib_dbl_infnan)
    __mathlib_dbl_infnan2                    0x0800401f   Thumb Code     4  dunder.o(i.__mathlib_dbl_infnan2)
    __mathlib_dbl_invalid                    0x08004023   Thumb Code    12  dunder.o(i.__mathlib_dbl_invalid)
    __mathlib_dbl_underflow                  0x08004031   Thumb Code    10  dunder.o(i.__mathlib_dbl_underflow)
    asin                                     0x08004041   Thumb Code   572  asin.o(i.asin)
    atan                                     0x080042b1   Thumb Code   474  atan.o(i.atan)
    atan2                                    0x080044d1   Thumb Code   346  atan2.o(i.atan2)
    dmp_enable_6x_lp_quat                    0x080046e5   Thumb Code    60  inv_mpu_dmp_motion_driver.o(i.dmp_enable_6x_lp_quat)
    dmp_enable_feature                       0x08004721   Thumb Code   530  inv_mpu_dmp_motion_driver.o(i.dmp_enable_feature)
    dmp_enable_gyro_cal                      0x0800493d   Thumb Code    62  inv_mpu_dmp_motion_driver.o(i.dmp_enable_gyro_cal)
    dmp_enable_lp_quat                       0x08004995   Thumb Code    60  inv_mpu_dmp_motion_driver.o(i.dmp_enable_lp_quat)
    dmp_load_motion_driver_firmware          0x080049d1   Thumb Code    20  inv_mpu_dmp_motion_driver.o(i.dmp_load_motion_driver_firmware)
    dmp_read_fifo                            0x080049e9   Thumb Code   462  inv_mpu_dmp_motion_driver.o(i.dmp_read_fifo)
    dmp_set_fifo_rate                        0x08004bbd   Thumb Code    96  inv_mpu_dmp_motion_driver.o(i.dmp_set_fifo_rate)
    dmp_set_orientation                      0x08004c2d   Thumb Code   290  inv_mpu_dmp_motion_driver.o(i.dmp_set_orientation)
    dmp_set_shake_reject_thresh              0x08004d65   Thumb Code    56  inv_mpu_dmp_motion_driver.o(i.dmp_set_shake_reject_thresh)
    dmp_set_shake_reject_time                0x08004d9d   Thumb Code    38  inv_mpu_dmp_motion_driver.o(i.dmp_set_shake_reject_time)
    dmp_set_shake_reject_timeout             0x08004dc3   Thumb Code    38  inv_mpu_dmp_motion_driver.o(i.dmp_set_shake_reject_timeout)
    dmp_set_tap_axes                         0x08004de9   Thumb Code    70  inv_mpu_dmp_motion_driver.o(i.dmp_set_tap_axes)
    dmp_set_tap_count                        0x08004e2f   Thumb Code    38  inv_mpu_dmp_motion_driver.o(i.dmp_set_tap_count)
    dmp_set_tap_thresh                       0x08004e55   Thumb Code   396  inv_mpu_dmp_motion_driver.o(i.dmp_set_tap_thresh)
    dmp_set_tap_time                         0x08004ff5   Thumb Code    38  inv_mpu_dmp_motion_driver.o(i.dmp_set_tap_time)
    dmp_set_tap_time_multi                   0x0800501b   Thumb Code    38  inv_mpu_dmp_motion_driver.o(i.dmp_set_tap_time_multi)
    main                                     0x080050b9   Thumb Code   110  main.o(i.main)
    mpu_configure_fifo                       0x08005135   Thumb Code   106  inv_mpu.o(i.mpu_configure_fifo)
    mpu_get_accel_fsr                        0x080051a5   Thumb Code    72  inv_mpu.o(i.mpu_get_accel_fsr)
    mpu_init                                 0x080051f1   Thumb Code   278  inv_mpu.o(i.mpu_init)
    mpu_load_firmware                        0x08005311   Thumb Code   194  inv_mpu.o(i.mpu_load_firmware)
    mpu_lp_accel_mode                        0x080053dd   Thumb Code   248  inv_mpu.o(i.mpu_lp_accel_mode)
    mpu_read_fifo_stream                     0x080054dd   Thumb Code   230  inv_mpu.o(i.mpu_read_fifo_stream)
    mpu_read_mem                             0x080055cd   Thumb Code   148  inv_mpu.o(i.mpu_read_mem)
    mpu_reset_fifo                           0x08005669   Thumb Code   608  inv_mpu.o(i.mpu_reset_fifo)
    mpu_set_accel_fsr                        0x080058d1   Thumb Code   142  inv_mpu.o(i.mpu_set_accel_fsr)
    mpu_set_bypass                           0x08005969   Thumb Code   414  inv_mpu.o(i.mpu_set_bypass)
    mpu_set_dmp_state                        0x08005b11   Thumb Code   168  inv_mpu.o(i.mpu_set_dmp_state)
    mpu_set_gyro_fsr                         0x08005bc1   Thumb Code   148  inv_mpu.o(i.mpu_set_gyro_fsr)
    mpu_set_int_latched                      0x08005c5d   Thumb Code   118  inv_mpu.o(i.mpu_set_int_latched)
    mpu_set_lpf                              0x08005cdd   Thumb Code   142  inv_mpu.o(i.mpu_set_lpf)
    mpu_set_sample_rate                      0x08005d75   Thumb Code   168  inv_mpu.o(i.mpu_set_sample_rate)
    mpu_set_sensors                          0x08005e25   Thumb Code   232  inv_mpu.o(i.mpu_set_sensors)
    mpu_write_mem                            0x08005f15   Thumb Code   148  inv_mpu.o(i.mpu_write_mem)
    osDelay                                  0x08005fb1   Thumb Code    30  cmsis_os2.o(i.osDelay)
    osKernelInitialize                       0x08005fd1   Thumb Code    38  cmsis_os2.o(i.osKernelInitialize)
    osKernelStart                            0x08005ffd   Thumb Code    82  cmsis_os2.o(i.osKernelStart)
    osMessageQueueGet                        0x0800605d   Thumb Code   124  cmsis_os2.o(i.osMessageQueueGet)
    osMessageQueueNew                        0x080060dd   Thumb Code   154  cmsis_os2.o(i.osMessageQueueNew)
    osMessageQueuePut                        0x08006179   Thumb Code   128  cmsis_os2.o(i.osMessageQueuePut)
    osThreadNew                              0x080061fd   Thumb Code   184  cmsis_os2.o(i.osThreadNew)
    osTimerNew                               0x080062b5   Thumb Code   182  cmsis_os2.o(i.osTimerNew)
    ps2Task04                                0x08006df1   Thumb Code   408  freertos.o(i.ps2Task04)
    pvPortMalloc                             0x08006fb5   Thumb Code   306  heap_4.o(i.pvPortMalloc)
    pvTimerGetTimerID                        0x08007101   Thumb Code    44  timers.o(i.pvTimerGetTimerID)
    pxPortInitialiseStack                    0x0800712d   Thumb Code    30  port.o(i.pxPortInitialiseStack)
    sqrt                                     0x08007201   Thumb Code    76  sqrt.o(i.sqrt)
    uxListRemove                             0x0800724d   Thumb Code    40  list.o(i.uxListRemove)
    vApplicationGetIdleTaskMemory            0x08007275   Thumb Code    14  cmsis_os2.o(i.vApplicationGetIdleTaskMemory)
    vApplicationGetTimerTaskMemory           0x0800728d   Thumb Code    16  cmsis_os2.o(i.vApplicationGetTimerTaskMemory)
    vListInitialise                          0x080072a5   Thumb Code    26  list.o(i.vListInitialise)
    vListInitialiseItem                      0x080072bf   Thumb Code     6  list.o(i.vListInitialiseItem)
    vListInsert                              0x080072c5   Thumb Code    52  list.o(i.vListInsert)
    vListInsertEnd                           0x080072f9   Thumb Code    24  list.o(i.vListInsertEnd)
    vPortEnterCritical                       0x08007311   Thumb Code    76  port.o(i.vPortEnterCritical)
    vPortExitCritical                        0x08007365   Thumb Code    56  port.o(i.vPortExitCritical)
    vPortFree                                0x080073a1   Thumb Code   150  heap_4.o(i.vPortFree)
    vPortSetupTimerInterrupt                 0x08007445   Thumb Code    36  port.o(i.vPortSetupTimerInterrupt)
    vPortValidateInterruptPriority           0x0800746d   Thumb Code   106  port.o(i.vPortValidateInterruptPriority)
    vQueueAddToRegistry                      0x080074e5   Thumb Code    38  queue.o(i.vQueueAddToRegistry)
    vQueueWaitForMessageRestricted           0x08007511   Thumb Code    74  queue.o(i.vQueueWaitForMessageRestricted)
    vTaskDelay                               0x0800755d   Thumb Code    82  tasks.o(i.vTaskDelay)
    vTaskInternalSetTimeOutState             0x080075b9   Thumb Code    14  tasks.o(i.vTaskInternalSetTimeOutState)
    vTaskMissedYield                         0x080075d1   Thumb Code     8  tasks.o(i.vTaskMissedYield)
    vTaskPlaceOnEventList                    0x080075dd   Thumb Code    52  tasks.o(i.vTaskPlaceOnEventList)
    vTaskPlaceOnEventListRestricted          0x08007615   Thumb Code    60  tasks.o(i.vTaskPlaceOnEventListRestricted)
    vTaskStartScheduler                      0x08007655   Thumb Code   156  tasks.o(i.vTaskStartScheduler)
    vTaskSuspendAll                          0x0800770d   Thumb Code    12  tasks.o(i.vTaskSuspendAll)
    vTaskSwitchContext                       0x0800771d   Thumb Code   122  tasks.o(i.vTaskSwitchContext)
    xPortStartScheduler                      0x080077ad   Thumb Code   228  port.o(i.xPortStartScheduler)
    xPortSysTickHandler                      0x080078a5   Thumb Code    46  port.o(i.xPortSysTickHandler)
    xQueueGenericCreate                      0x080078d9   Thumb Code    90  queue.o(i.xQueueGenericCreate)
    xQueueGenericCreateStatic                0x08007933   Thumb Code   224  queue.o(i.xQueueGenericCreateStatic)
    xQueueGenericReset                       0x08007a15   Thumb Code   146  queue.o(i.xQueueGenericReset)
    xQueueGenericSend                        0x08007aad   Thumb Code   420  queue.o(i.xQueueGenericSend)
    xQueueGenericSendFromISR                 0x08007c55   Thumb Code   252  queue.o(i.xQueueGenericSendFromISR)
    xQueueReceive                            0x08007d51   Thumb Code   356  queue.o(i.xQueueReceive)
    xQueueReceiveFromISR                     0x08007eb9   Thumb Code   202  queue.o(i.xQueueReceiveFromISR)
    xTaskCheckForTimeOut                     0x08007f85   Thumb Code   132  tasks.o(i.xTaskCheckForTimeOut)
    xTaskCreate                              0x08008011   Thumb Code   100  tasks.o(i.xTaskCreate)
    xTaskCreateStatic                        0x08008075   Thumb Code   186  tasks.o(i.xTaskCreateStatic)
    xTaskGetSchedulerState                   0x08008131   Thumb Code    24  tasks.o(i.xTaskGetSchedulerState)
    xTaskGetTickCount                        0x08008151   Thumb Code     6  tasks.o(i.xTaskGetTickCount)
    xTaskIncrementTick                       0x0800815d   Thumb Code   280  tasks.o(i.xTaskIncrementTick)
    xTaskPriorityDisinherit                  0x080082a1   Thumb Code   152  tasks.o(i.xTaskPriorityDisinherit)
    xTaskRemoveFromEventList                 0x08008345   Thumb Code   126  tasks.o(i.xTaskRemoveFromEventList)
    xTaskResumeAll                           0x080083dd   Thumb Code   222  tasks.o(i.xTaskResumeAll)
    xTimerCreate                             0x080084e1   Thumb Code    54  timers.o(i.xTimerCreate)
    xTimerCreateStatic                       0x08008517   Thumb Code   114  timers.o(i.xTimerCreateStatic)
    xTimerCreateTimerTask                    0x08008589   Thumb Code   100  timers.o(i.xTimerCreateTimerTask)
    xTimerGenericCommand                     0x08008601   Thumb Code   128  timers.o(i.xTimerGenericCommand)
    __aeabi_d2f                              0x08008685   Thumb Code     0  d2f.o(x$fpl$d2f)
    _d2f                                     0x08008685   Thumb Code    98  d2f.o(x$fpl$d2f)
    __aeabi_dadd                             0x080086e9   Thumb Code     0  daddsub_clz.o(x$fpl$dadd)
    _dadd                                    0x080086e9   Thumb Code   332  daddsub_clz.o(x$fpl$dadd)
    __fpl_dcheck_NaN1                        0x08008839   Thumb Code    10  dcheck1.o(x$fpl$dcheck1)
    __fpl_dcmp_Inf                           0x08008849   Thumb Code    24  dcmpi.o(x$fpl$dcmpinf)
    __aeabi_ddiv                             0x08008861   Thumb Code     0  ddiv.o(x$fpl$ddiv)
    _ddiv                                    0x08008861   Thumb Code   552  ddiv.o(x$fpl$ddiv)
    __aeabi_d2uiz                            0x08008b11   Thumb Code     0  dfixu.o(x$fpl$dfixu)
    _dfixu                                   0x08008b11   Thumb Code    90  dfixu.o(x$fpl$dfixu)
    __aeabi_cdcmple                          0x08008b6d   Thumb Code     0  dleqf.o(x$fpl$dleqf)
    _dcmple                                  0x08008b6d   Thumb Code   120  dleqf.o(x$fpl$dleqf)
    __fpl_dcmple_InfNaN                      0x08008bcf   Thumb Code     0  dleqf.o(x$fpl$dleqf)
    __aeabi_dmul                             0x08008be5   Thumb Code     0  dmul.o(x$fpl$dmul)
    _dmul                                    0x08008be5   Thumb Code   332  dmul.o(x$fpl$dmul)
    __fpl_dnaninf                            0x08008d39   Thumb Code   156  dnaninf.o(x$fpl$dnaninf)
    __fpl_dretinf                            0x08008dd5   Thumb Code    12  dretinf.o(x$fpl$dretinf)
    __aeabi_cdrcmple                         0x08008de1   Thumb Code     0  drleqf.o(x$fpl$drleqf)
    _drcmple                                 0x08008de1   Thumb Code   108  drleqf.o(x$fpl$drleqf)
    __aeabi_drsub                            0x08008e4d   Thumb Code     0  daddsub_clz.o(x$fpl$drsb)
    _drsb                                    0x08008e4d   Thumb Code    22  daddsub_clz.o(x$fpl$drsb)
    _dsqrt                                   0x08008e65   Thumb Code   456  dsqrt_noumaal.o(x$fpl$dsqrt)
    __aeabi_dsub                             0x08009031   Thumb Code     0  daddsub_clz.o(x$fpl$dsub)
    _dsub                                    0x08009031   Thumb Code   464  daddsub_clz.o(x$fpl$dsub)
    __aeabi_f2d                              0x08009205   Thumb Code     0  f2d.o(x$fpl$f2d)
    _f2d                                     0x08009205   Thumb Code    86  f2d.o(x$fpl$f2d)
    __aeabi_fadd                             0x0800925d   Thumb Code     0  faddsub_clz.o(x$fpl$fadd)
    _fadd                                    0x0800925d   Thumb Code   196  faddsub_clz.o(x$fpl$fadd)
    __fpl_fcmp_Inf                           0x08009321   Thumb Code    24  fcmpi.o(x$fpl$fcmpinf)
    __aeabi_fdiv                             0x08009339   Thumb Code     0  fdiv.o(x$fpl$fdiv)
    _fdiv                                    0x08009339   Thumb Code   384  fdiv.o(x$fpl$fdiv)
    __aeabi_cfcmpeq                          0x080094bd   Thumb Code     0  feqf.o(x$fpl$feqf)
    _fcmpeq                                  0x080094bd   Thumb Code   104  feqf.o(x$fpl$feqf)
    __aeabi_f2iz                             0x08009525   Thumb Code     0  ffix.o(x$fpl$ffix)
    _ffix                                    0x08009525   Thumb Code    54  ffix.o(x$fpl$ffix)
    __aeabi_f2uiz                            0x0800955d   Thumb Code     0  ffixu.o(x$fpl$ffixu)
    _ffixu                                   0x0800955d   Thumb Code    62  ffixu.o(x$fpl$ffixu)
    __aeabi_i2f                              0x0800959d   Thumb Code     0  fflt_clz.o(x$fpl$fflt)
    _fflt                                    0x0800959d   Thumb Code    48  fflt_clz.o(x$fpl$fflt)
    __aeabi_ui2f                             0x080095cd   Thumb Code     0  fflt_clz.o(x$fpl$ffltu)
    _ffltu                                   0x080095cd   Thumb Code    38  fflt_clz.o(x$fpl$ffltu)
    __aeabi_cfcmple                          0x080095f5   Thumb Code     0  fleqf.o(x$fpl$fleqf)
    _fcmple                                  0x080095f5   Thumb Code   104  fleqf.o(x$fpl$fleqf)
    __fpl_fcmple_InfNaN                      0x08009647   Thumb Code     0  fleqf.o(x$fpl$fleqf)
    __aeabi_fmul                             0x0800965d   Thumb Code     0  fmul.o(x$fpl$fmul)
    _fmul                                    0x0800965d   Thumb Code   258  fmul.o(x$fpl$fmul)
    __fpl_fnaninf                            0x0800975f   Thumb Code   140  fnaninf.o(x$fpl$fnaninf)
    __fpl_fretinf                            0x080097eb   Thumb Code    10  fretinf.o(x$fpl$fretinf)
    __aeabi_cfrcmple                         0x080097f5   Thumb Code     0  frleqf.o(x$fpl$frleqf)
    _frcmple                                 0x080097f5   Thumb Code    98  frleqf.o(x$fpl$frleqf)
    __aeabi_frsub                            0x08009857   Thumb Code     0  faddsub_clz.o(x$fpl$frsb)
    _frsb                                    0x08009857   Thumb Code    20  faddsub_clz.o(x$fpl$frsb)
    __aeabi_fsub                             0x0800986d   Thumb Code     0  faddsub_clz.o(x$fpl$fsub)
    _fsub                                    0x0800986d   Thumb Code   234  faddsub_clz.o(x$fpl$fsub)
    __fpl_return_NaN                         0x08009957   Thumb Code   100  retnan.o(x$fpl$retnan)
    __ARM_scalbn                             0x080099bb   Thumb Code    92  scalbn.o(x$fpl$scalbn)
    __fpl_cmpreturn                          0x08009a17   Thumb Code    48  trapv.o(x$fpl$trapveneer)
    __I$use$fp                               0x08009a46   Number         0  usenofp.o(x$fpl$usenofp)
    reg                                      0x08009a48   Data          30  inv_mpu.o(.constdata)
    hw                                       0x08009a66   Data          12  inv_mpu.o(.constdata)
    test                                     0x08009a74   Data          40  inv_mpu.o(.constdata)
    defaultTask_attributes                   0x0800a694   Data          36  freertos.o(.constdata)
    MPU6050Task02_attributes                 0x0800a6b8   Data          36  freertos.o(.constdata)
    PIDcalculateTas_attributes               0x0800a6dc   Data          36  freertos.o(.constdata)
    ps2task_attributes                       0x0800a700   Data          36  freertos.o(.constdata)
    MPUyawDataQueue01_attributes             0x0800a724   Data          24  freertos.o(.constdata)
    MotorASpeedQueue02_attributes            0x0800a73c   Data          24  freertos.o(.constdata)
    MotorBSpeedQueue03_attributes            0x0800a754   Data          24  freertos.o(.constdata)
    MotorCSpeedQueue04_attributes            0x0800a76c   Data          24  freertos.o(.constdata)
    MotorDSpeedQueue05_attributes            0x0800a784   Data          24  freertos.o(.constdata)
    MotorAPosiQueue07_attributes             0x0800a79c   Data          24  freertos.o(.constdata)
    MotorBPosiQueue07_attributes             0x0800a7b4   Data          24  freertos.o(.constdata)
    MotorCPosiQueue08_attributes             0x0800a7cc   Data          24  freertos.o(.constdata)
    MotorDPosiQueue09_attributes             0x0800a7e4   Data          24  freertos.o(.constdata)
    mpuReadTimer01_attributes                0x0800a7fc   Data          16  freertos.o(.constdata)
    AHBPrescTable                            0x0800a81e   Data          16  system_stm32f1xx.o(.constdata)
    APBPrescTable                            0x0800a82e   Data           8  system_stm32f1xx.o(.constdata)
    __mathlib_zero                           0x0800a920   Data           8  qnan.o(.constdata)
    Region$$Table$$Base                      0x0800aa20   Number         0  anon$$obj.o(Region$$Table)
    Region$$Table$$Limit                     0x0800aa40   Number         0  anon$$obj.o(Region$$Table)
    start_falg                               0x20000038   Data           1  pid.o(.data)
    fast                                     0x2000003c   Data           4  pid.o(.data)
    max_cnt                                  0x20000040   Data           2  pid.o(.data)
    Handkey                                  0x20000042   Data           2  ps2.o(.data)
    Comd                                     0x20000044   Data           2  ps2.o(.data)
    MASK                                     0x20000046   Data          32  ps2.o(.data)
    kpidX                                    0x20000068   Data          12  freertos.o(.data)
    kpidY                                    0x20000074   Data          12  freertos.o(.data)
    kpidT                                    0x20000080   Data          12  freertos.o(.data)
    kpidA                                    0x2000008c   Data          12  freertos.o(.data)
    kpidB                                    0x20000098   Data          12  freertos.o(.data)
    kpidC                                    0x200000a4   Data          12  freertos.o(.data)
    kpidD                                    0x200000b0   Data          12  freertos.o(.data)
    flag                                     0x200000bc   Data           1  freertos.o(.data)
    first_omega                              0x200000c0   Data           4  freertos.o(.data)
    d_omega                                  0x200000c4   Data           4  freertos.o(.data)
    x_set                                    0x200000c8   Data           4  freertos.o(.data)
    y_set                                    0x200000cc   Data           4  freertos.o(.data)
    t_set                                    0x200000d0   Data           4  freertos.o(.data)
    cnt                                      0x200000d4   Data           1  freertos.o(.data)
    lx                                       0x200000d5   Data           1  freertos.o(.data)
    ly                                       0x200000d6   Data           1  freertos.o(.data)
    rx                                       0x200000d7   Data           1  freertos.o(.data)
    ry                                       0x200000d8   Data           1  freertos.o(.data)
    now_speeA                                0x200000dc   Data           4  freertos.o(.data)
    now_speeB                                0x200000e0   Data           4  freertos.o(.data)
    now_speeC                                0x200000e4   Data           4  freertos.o(.data)
    now_speeD                                0x200000e8   Data           4  freertos.o(.data)
    initValue                                0x200000ec   Data           4  freertos.o(.data)
    initValue2                               0x200000f0   Data           4  freertos.o(.data)
    defaultTaskHandle                        0x200000f4   Data           4  freertos.o(.data)
    MPU6050Task02Handle                      0x200000f8   Data           4  freertos.o(.data)
    PIDcalculateTasHandle                    0x200000fc   Data           4  freertos.o(.data)
    ps2taskHandle                            0x20000100   Data           4  freertos.o(.data)
    MPUyawDataQueue01Handle                  0x20000104   Data           4  freertos.o(.data)
    MotorASpeedQueue02Handle                 0x20000108   Data           4  freertos.o(.data)
    MotorBSpeedQueue03Handle                 0x2000010c   Data           4  freertos.o(.data)
    MotorCSpeedQueue04Handle                 0x20000110   Data           4  freertos.o(.data)
    MotorDSpeedQueue05Handle                 0x20000114   Data           4  freertos.o(.data)
    MotorAPosiQueue07Handle                  0x20000118   Data           4  freertos.o(.data)
    MotorBPosiQueue07Handle                  0x2000011c   Data           4  freertos.o(.data)
    MotorCPosiQueue08Handle                  0x20000120   Data           4  freertos.o(.data)
    MotorDPosiQueue09Handle                  0x20000124   Data           4  freertos.o(.data)
    mpuReadTimer01Handle                     0x20000128   Data           4  freertos.o(.data)
    uwTick                                   0x2000012c   Data           4  stm32f1xx_hal.o(.data)
    uwTickPrio                               0x20000130   Data           4  stm32f1xx_hal.o(.data)
    uwTickFreq                               0x20000134   Data           1  stm32f1xx_hal.o(.data)
    SystemCoreClock                          0x20000138   Data           4  system_stm32f1xx.o(.data)
    pxCurrentTCB                             0x2000013c   Data           4  tasks.o(.data)
    Data                                     0x200001cc   Data           9  ps2.o(.bss)
    EncodeA                                  0x200001d8   Data          12  main.o(.bss)
    EncodeB                                  0x200001e4   Data          12  main.o(.bss)
    EncodeC                                  0x200001f0   Data          12  main.o(.bss)
    EncodeD                                  0x200001fc   Data          12  main.o(.bss)
    posiX                                    0x20000208   Data          96  freertos.o(.bss)
    posiY                                    0x20000268   Data          96  freertos.o(.bss)
    posiT                                    0x200002c8   Data          96  freertos.o(.bss)
    speeA                                    0x20000328   Data          96  freertos.o(.bss)
    speeB                                    0x20000388   Data          96  freertos.o(.bss)
    speeC                                    0x200003e8   Data          96  freertos.o(.bss)
    speeD                                    0x20000448   Data          96  freertos.o(.bss)
    hi2c1                                    0x200004a8   Data          84  i2c.o(.bss)
    htim2                                    0x200004fc   Data          72  tim.o(.bss)
    htim3                                    0x20000544   Data          72  tim.o(.bss)
    htim1                                    0x2000058c   Data          72  stm32f1xx_hal_timebase_tim.o(.bss)
    xQueueRegistry                           0x200005d4   Data          64  queue.o(.bss)
    __libspace_start                         0x200032a8   Data          96  libspace.o(.bss)
    __temporary_stack_top$libspace           0x20003308   Data           0  libspace.o(.bss)



==============================================================================

Memory Map of the image

  Image Entry point : 0x080000ed

  Load Region LR_IROM1 (Base: 0x08000000, Size: 0x0000abfc, Max: 0x00010000, ABSOLUTE, COMPRESSED[0x0000aaa4])

    Execution Region ER_IROM1 (Exec base: 0x08000000, Load base: 0x08000000, Size: 0x0000aa40, Max: 0x00010000, ABSOLUTE)

    Exec Addr    Load Addr    Size         Type   Attr      Idx    E Section Name        Object

    0x08000000   0x08000000   0x000000ec   Data   RO            3    RESET               startup_stm32f103xb.o
    0x080000ec   0x080000ec   0x00000008   Code   RO         5778  * !!!main             c_w.l(__main.o)
    0x080000f4   0x080000f4   0x00000034   Code   RO         6094    !!!scatter          c_w.l(__scatter.o)
    0x08000128   0x08000128   0x0000005a   Code   RO         6092    !!dczerorl2         c_w.l(__dczerorl2.o)
    0x08000182   0x08000182   0x00000002   PAD
    0x08000184   0x08000184   0x0000001c   Code   RO         6096    !!handler_zi        c_w.l(__scatter_zi.o)
    0x080001a0   0x080001a0   0x00000002   Code   RO         5957    .ARM.Collect$$libinit$$00000000  c_w.l(libinit.o)
    0x080001a2   0x080001a2   0x00000000   Code   RO         5967    .ARM.Collect$$libinit$$00000002  c_w.l(libinit2.o)
    0x080001a2   0x080001a2   0x00000000   Code   RO         5969    .ARM.Collect$$libinit$$00000004  c_w.l(libinit2.o)
    0x080001a2   0x080001a2   0x00000000   Code   RO         5972    .ARM.Collect$$libinit$$0000000A  c_w.l(libinit2.o)
    0x080001a2   0x080001a2   0x00000000   Code   RO         5974    .ARM.Collect$$libinit$$0000000C  c_w.l(libinit2.o)
    0x080001a2   0x080001a2   0x00000000   Code   RO         5976    .ARM.Collect$$libinit$$0000000E  c_w.l(libinit2.o)
    0x080001a2   0x080001a2   0x00000000   Code   RO         5979    .ARM.Collect$$libinit$$00000011  c_w.l(libinit2.o)
    0x080001a2   0x080001a2   0x00000000   Code   RO         5981    .ARM.Collect$$libinit$$00000013  c_w.l(libinit2.o)
    0x080001a2   0x080001a2   0x00000000   Code   RO         5983    .ARM.Collect$$libinit$$00000015  c_w.l(libinit2.o)
    0x080001a2   0x080001a2   0x00000000   Code   RO         5985    .ARM.Collect$$libinit$$00000017  c_w.l(libinit2.o)
    0x080001a2   0x080001a2   0x00000000   Code   RO         5987    .ARM.Collect$$libinit$$00000019  c_w.l(libinit2.o)
    0x080001a2   0x080001a2   0x00000000   Code   RO         5989    .ARM.Collect$$libinit$$0000001B  c_w.l(libinit2.o)
    0x080001a2   0x080001a2   0x00000000   Code   RO         5991    .ARM.Collect$$libinit$$0000001D  c_w.l(libinit2.o)
    0x080001a2   0x080001a2   0x00000000   Code   RO         5993    .ARM.Collect$$libinit$$0000001F  c_w.l(libinit2.o)
    0x080001a2   0x080001a2   0x00000000   Code   RO         5995    .ARM.Collect$$libinit$$00000021  c_w.l(libinit2.o)
    0x080001a2   0x080001a2   0x00000000   Code   RO         5997    .ARM.Collect$$libinit$$00000023  c_w.l(libinit2.o)
    0x080001a2   0x080001a2   0x00000000   Code   RO         5999    .ARM.Collect$$libinit$$00000025  c_w.l(libinit2.o)
    0x080001a2   0x080001a2   0x00000000   Code   RO         6003    .ARM.Collect$$libinit$$0000002C  c_w.l(libinit2.o)
    0x080001a2   0x080001a2   0x00000000   Code   RO         6005    .ARM.Collect$$libinit$$0000002E  c_w.l(libinit2.o)
    0x080001a2   0x080001a2   0x00000000   Code   RO         6007    .ARM.Collect$$libinit$$00000030  c_w.l(libinit2.o)
    0x080001a2   0x080001a2   0x00000000   Code   RO         6009    .ARM.Collect$$libinit$$00000032  c_w.l(libinit2.o)
    0x080001a2   0x080001a2   0x00000002   Code   RO         6010    .ARM.Collect$$libinit$$00000033  c_w.l(libinit2.o)
    0x080001a4   0x080001a4   0x00000002   Code   RO         6042    .ARM.Collect$$libshutdown$$00000000  c_w.l(libshutdown.o)
    0x080001a6   0x080001a6   0x00000000   Code   RO         6059    .ARM.Collect$$libshutdown$$00000002  c_w.l(libshutdown2.o)
    0x080001a6   0x080001a6   0x00000000   Code   RO         6061    .ARM.Collect$$libshutdown$$00000004  c_w.l(libshutdown2.o)
    0x080001a6   0x080001a6   0x00000000   Code   RO         6064    .ARM.Collect$$libshutdown$$00000007  c_w.l(libshutdown2.o)
    0x080001a6   0x080001a6   0x00000000   Code   RO         6067    .ARM.Collect$$libshutdown$$0000000A  c_w.l(libshutdown2.o)
    0x080001a6   0x080001a6   0x00000000   Code   RO         6069    .ARM.Collect$$libshutdown$$0000000C  c_w.l(libshutdown2.o)
    0x080001a6   0x080001a6   0x00000000   Code   RO         6072    .ARM.Collect$$libshutdown$$0000000F  c_w.l(libshutdown2.o)
    0x080001a6   0x080001a6   0x00000002   Code   RO         6073    .ARM.Collect$$libshutdown$$00000010  c_w.l(libshutdown2.o)
    0x080001a8   0x080001a8   0x00000000   Code   RO         5844    .ARM.Collect$$rtentry$$00000000  c_w.l(__rtentry.o)
    0x080001a8   0x080001a8   0x00000000   Code   RO         5916    .ARM.Collect$$rtentry$$00000002  c_w.l(__rtentry2.o)
    0x080001a8   0x080001a8   0x00000006   Code   RO         5928    .ARM.Collect$$rtentry$$00000004  c_w.l(__rtentry4.o)
    0x080001ae   0x080001ae   0x00000000   Code   RO         5918    .ARM.Collect$$rtentry$$00000009  c_w.l(__rtentry2.o)
    0x080001ae   0x080001ae   0x00000004   Code   RO         5919    .ARM.Collect$$rtentry$$0000000A  c_w.l(__rtentry2.o)
    0x080001b2   0x080001b2   0x00000000   Code   RO         5921    .ARM.Collect$$rtentry$$0000000C  c_w.l(__rtentry2.o)
    0x080001b2   0x080001b2   0x00000008   Code   RO         5922    .ARM.Collect$$rtentry$$0000000D  c_w.l(__rtentry2.o)
    0x080001ba   0x080001ba   0x00000002   Code   RO         5960    .ARM.Collect$$rtexit$$00000000  c_w.l(rtexit.o)
    0x080001bc   0x080001bc   0x00000000   Code   RO         6014    .ARM.Collect$$rtexit$$00000002  c_w.l(rtexit2.o)
    0x080001bc   0x080001bc   0x00000004   Code   RO         6015    .ARM.Collect$$rtexit$$00000003  c_w.l(rtexit2.o)
    0x080001c0   0x080001c0   0x00000006   Code   RO         6016    .ARM.Collect$$rtexit$$00000004  c_w.l(rtexit2.o)
    0x080001c6   0x080001c6   0x00000002   PAD
    0x080001c8   0x080001c8   0x00000096   Code   RO         5683    .emb_text           port.o
    0x0800025e   0x0800025e   0x00000002   PAD
    0x08000260   0x08000260   0x00000040   Code   RO            4    .text               startup_stm32f103xb.o
    0x080002a0   0x080002a0   0x00000058   Code   RO         5766    .text               c_w.l(memcmp.o)
    0x080002f8   0x080002f8   0x0000008a   Code   RO         5768    .text               c_w.l(rt_memcpy_v6.o)
    0x08000382   0x08000382   0x00000010   Code   RO         5772    .text               c_w.l(aeabi_memset.o)
    0x08000392   0x08000392   0x0000004e   Code   RO         5774    .text               c_w.l(rt_memclr_w.o)
    0x080003e0   0x080003e0   0x00000006   Code   RO         5776    .text               c_w.l(heapauxi.o)
    0x080003e6   0x080003e6   0x00000016   Code   RO         5847    .text               c_w.l(_rserrno.o)
    0x080003fc   0x080003fc   0x00000064   Code   RO         5849    .text               c_w.l(rt_memcpy_w.o)
    0x08000460   0x08000460   0x00000044   Code   RO         5851    .text               c_w.l(rt_memclr.o)
    0x080004a4   0x080004a4   0x00000008   Code   RO         5937    .text               c_w.l(rt_errno_addr_intlibspace.o)
    0x080004ac   0x080004ac   0x00000008   Code   RO         5943    .text               c_w.l(libspace.o)
    0x080004b4   0x080004b4   0x0000004a   Code   RO         5946    .text               c_w.l(sys_stackheap_outer.o)
    0x080004fe   0x080004fe   0x00000012   Code   RO         5950    .text               c_w.l(exit.o)
    0x08000510   0x08000510   0x0000000c   Code   RO         6030    .text               c_w.l(sys_exit.o)
    0x0800051c   0x0800051c   0x00000002   Code   RO         6047    .text               c_w.l(use_no_semi.o)
    0x0800051e   0x0800051e   0x00000000   Code   RO         6049    .text               c_w.l(indicate_semi.o)
    0x0800051e   0x0800051e   0x00000004   Code   RO         1255    i.BusFault_Handler  stm32f1xx_it.o
    0x08000522   0x08000522   0x00000002   Code   RO         1073    i.Callback01        freertos.o
    0x08000524   0x08000524   0x00000002   Code   RO         1256    i.DebugMon_Handler  stm32f1xx_it.o
    0x08000526   0x08000526   0x00000024   Code   RO         1257    i.EXTI15_10_IRQHandler  stm32f1xx_it.o
    0x0800054a   0x0800054a   0x0000000a   Code   RO         1258    i.EXTI4_IRQHandler  stm32f1xx_it.o
    0x08000554   0x08000554   0x00000016   Code   RO         1259    i.EXTI9_5_IRQHandler  stm32f1xx_it.o
    0x0800056a   0x0800056a   0x0000006c   Code   RO          776    i.EncodeProcess     encoder.o
    0x080005d6   0x080005d6   0x00000006   Code   RO          988    i.Error_Handler     main.o
    0x080005dc   0x080005dc   0x00000028   Code   RO         2439    i.HAL_Delay         stm32f1xx_hal.o
    0x08000604   0x08000604   0x0000007c   Code   RO          989    i.HAL_GPIO_EXTI_Callback  main.o
    0x08000680   0x08000680   0x0000001c   Code   RO         2753    i.HAL_GPIO_EXTI_IRQHandler  stm32f1xx_hal_gpio.o
    0x0800069c   0x0800069c   0x00000320   Code   RO         2754    i.HAL_GPIO_Init     stm32f1xx_hal_gpio.o
    0x080009bc   0x080009bc   0x00000010   Code   RO         2756    i.HAL_GPIO_ReadPin  stm32f1xx_hal_gpio.o
    0x080009cc   0x080009cc   0x0000000c   Code   RO         2758    i.HAL_GPIO_WritePin  stm32f1xx_hal_gpio.o
    0x080009d8   0x080009d8   0x0000000c   Code   RO         2443    i.HAL_GetTick       stm32f1xx_hal.o
    0x080009e4   0x080009e4   0x000001d0   Code   RO         3451    i.HAL_I2C_Init      stm32f1xx_hal_i2c.o
    0x08000bb4   0x08000bb4   0x00000374   Code   RO         3469    i.HAL_I2C_Mem_Read  stm32f1xx_hal_i2c.o
    0x08000f28   0x08000f28   0x00000164   Code   RO         3472    i.HAL_I2C_Mem_Write  stm32f1xx_hal_i2c.o
    0x0800108c   0x0800108c   0x0000008c   Code   RO         1148    i.HAL_I2C_MspInit   i2c.o
    0x08001118   0x08001118   0x00000018   Code   RO         2449    i.HAL_IncTick       stm32f1xx_hal.o
    0x08001130   0x08001130   0x00000028   Code   RO         2450    i.HAL_Init          stm32f1xx_hal.o
    0x08001158   0x08001158   0x000000a0   Code   RO         1373    i.HAL_InitTick      stm32f1xx_hal_timebase_tim.o
    0x080011f8   0x080011f8   0x00000070   Code   RO         1349    i.HAL_MspInit       stm32f1xx_hal_msp.o
    0x08001268   0x08001268   0x00000020   Code   RO         2914    i.HAL_NVIC_EnableIRQ  stm32f1xx_hal_cortex.o
    0x08001288   0x08001288   0x0000007c   Code   RO         2920    i.HAL_NVIC_SetPriority  stm32f1xx_hal_cortex.o
    0x08001304   0x08001304   0x00000028   Code   RO         2921    i.HAL_NVIC_SetPriorityGrouping  stm32f1xx_hal_cortex.o
    0x0800132c   0x0800132c   0x00000002   Code   RO         3049    i.HAL_PWR_PVDCallback  stm32f1xx_hal_pwr.o
    0x0800132e   0x0800132e   0x00000002   PAD
    0x08001330   0x08001330   0x00000020   Code   RO         3050    i.HAL_PWR_PVD_IRQHandler  stm32f1xx_hal_pwr.o
    0x08001350   0x08001350   0x0000018c   Code   RO         2607    i.HAL_RCC_ClockConfig  stm32f1xx_hal_rcc.o
    0x080014dc   0x080014dc   0x00000044   Code   RO         2611    i.HAL_RCC_GetClockConfig  stm32f1xx_hal_rcc.o
    0x08001520   0x08001520   0x0000000c   Code   RO         2612    i.HAL_RCC_GetHCLKFreq  stm32f1xx_hal_rcc.o
    0x0800152c   0x0800152c   0x00000020   Code   RO         2614    i.HAL_RCC_GetPCLK1Freq  stm32f1xx_hal_rcc.o
    0x0800154c   0x0800154c   0x00000020   Code   RO         2615    i.HAL_RCC_GetPCLK2Freq  stm32f1xx_hal_rcc.o
    0x0800156c   0x0800156c   0x00000070   Code   RO         2616    i.HAL_RCC_GetSysClockFreq  stm32f1xx_hal_rcc.o
    0x080015dc   0x080015dc   0x00000464   Code   RO         2619    i.HAL_RCC_OscConfig  stm32f1xx_hal_rcc.o
    0x08001a40   0x08001a40   0x00000002   Code   RO         2165    i.HAL_TIMEx_BreakCallback  stm32f1xx_hal_tim_ex.o
    0x08001a42   0x08001a42   0x00000002   Code   RO         2166    i.HAL_TIMEx_CommutCallback  stm32f1xx_hal_tim_ex.o
    0x08001a44   0x08001a44   0x00000084   Code   RO         2184    i.HAL_TIMEx_MasterConfigSynchronization  stm32f1xx_hal_tim_ex.o
    0x08001ac8   0x08001ac8   0x00000066   Code   RO         1450    i.HAL_TIM_Base_Init  stm32f1xx_hal_tim.o
    0x08001b2e   0x08001b2e   0x00000002   PAD
    0x08001b30   0x08001b30   0x00000044   Code   RO         1190    i.HAL_TIM_Base_MspInit  tim.o
    0x08001b74   0x08001b74   0x0000006c   Code   RO         1453    i.HAL_TIM_Base_Start  stm32f1xx_hal_tim.o
    0x08001be0   0x08001be0   0x00000078   Code   RO         1455    i.HAL_TIM_Base_Start_IT  stm32f1xx_hal_tim.o
    0x08001c58   0x08001c58   0x0000010c   Code   RO         1459    i.HAL_TIM_ConfigClockSource  stm32f1xx_hal_tim.o
    0x08001d64   0x08001d64   0x00000002   Code   RO         1484    i.HAL_TIM_IC_CaptureCallback  stm32f1xx_hal_tim.o
    0x08001d66   0x08001d66   0x0000016c   Code   RO         1498    i.HAL_TIM_IRQHandler  stm32f1xx_hal_tim.o
    0x08001ed2   0x08001ed2   0x00000002   PAD
    0x08001ed4   0x08001ed4   0x00000054   Code   RO         1191    i.HAL_TIM_MspPostInit  tim.o
    0x08001f28   0x08001f28   0x00000002   Code   RO         1501    i.HAL_TIM_OC_DelayElapsedCallback  stm32f1xx_hal_tim.o
    0x08001f2a   0x08001f2a   0x00000104   Code   RO         1522    i.HAL_TIM_PWM_ConfigChannel  stm32f1xx_hal_tim.o
    0x0800202e   0x0800202e   0x00000066   Code   RO         1525    i.HAL_TIM_PWM_Init  stm32f1xx_hal_tim.o
    0x08002094   0x08002094   0x0000002c   Code   RO         1193    i.HAL_TIM_PWM_MspInit  tim.o
    0x080020c0   0x080020c0   0x00000002   Code   RO         1528    i.HAL_TIM_PWM_PulseFinishedCallback  stm32f1xx_hal_tim.o
    0x080020c2   0x080020c2   0x00000002   PAD
    0x080020c4   0x080020c4   0x000000d4   Code   RO         1530    i.HAL_TIM_PWM_Start  stm32f1xx_hal_tim.o
    0x08002198   0x08002198   0x00000180   Code   RO          990    i.HAL_TIM_PeriodElapsedCallback  main.o
    0x08002318   0x08002318   0x00000002   Code   RO         1541    i.HAL_TIM_TriggerCallback  stm32f1xx_hal_tim.o
    0x0800231a   0x0800231a   0x00000004   Code   RO         1260    i.HardFault_Handler  stm32f1xx_it.o
    0x0800231e   0x0800231e   0x0000003e   Code   RO         3495    i.I2C_IsAcknowledgeFailed  stm32f1xx_hal_i2c.o
    0x0800235c   0x0800235c   0x00000160   Code   RO         3506    i.I2C_RequestMemoryRead  stm32f1xx_hal_i2c.o
    0x080024bc   0x080024bc   0x000000e0   Code   RO         3507    i.I2C_RequestMemoryWrite  stm32f1xx_hal_i2c.o
    0x0800259c   0x0800259c   0x00000066   Code   RO         3515    i.I2C_WaitOnBTFFlagUntilTimeout  stm32f1xx_hal_i2c.o
    0x08002602   0x08002602   0x000000be   Code   RO         3516    i.I2C_WaitOnFlagUntilTimeout  stm32f1xx_hal_i2c.o
    0x080026c0   0x080026c0   0x000000fa   Code   RO         3517    i.I2C_WaitOnMasterAddressFlagUntilTimeout  stm32f1xx_hal_i2c.o
    0x080027ba   0x080027ba   0x0000008a   Code   RO         3518    i.I2C_WaitOnRXNEFlagUntilTimeout  stm32f1xx_hal_i2c.o
    0x08002844   0x08002844   0x00000066   Code   RO         3521    i.I2C_WaitOnTXEFlagUntilTimeout  stm32f1xx_hal_i2c.o
    0x080028aa   0x080028aa   0x00000002   PAD
    0x080028ac   0x080028ac   0x00000220   Code   RO          638    i.MPU6050_DMP_Get_Date  mpu6050.o
    0x08002acc   0x08002acc   0x000000a0   Code   RO          639    i.MPU6050_DMP_init  mpu6050.o
    0x08002b6c   0x08002b6c   0x000000a0   Code   RO         1074    i.MPU6050task02     freertos.o
    0x08002c0c   0x08002c0c   0x00000150   Code   RO         1075    i.MX_FREERTOS_Init  freertos.o
    0x08002d5c   0x08002d5c   0x00000184   Code   RO         1049    i.MX_GPIO_Init      gpio.o
    0x08002ee0   0x08002ee0   0x0000003c   Code   RO         1149    i.MX_I2C1_Init      i2c.o
    0x08002f1c   0x08002f1c   0x000000a8   Code   RO         1194    i.MX_TIM2_Init      tim.o
    0x08002fc4   0x08002fc4   0x00000070   Code   RO         1195    i.MX_TIM3_Init      tim.o
    0x08003034   0x08003034   0x00000004   Code   RO         1261    i.MemManage_Handler  stm32f1xx_it.o
    0x08003038   0x08003038   0x00000004   Code   RO         1262    i.NMI_Handler       stm32f1xx_it.o
    0x0800303c   0x0800303c   0x00000450   Code   RO         1076    i.PIDTask03         freertos.o
    0x0800348c   0x0800348c   0x00000230   Code   RO          674    i.PID_calc          pid.o
    0x080036bc   0x080036bc   0x00000048   Code   RO          676    i.PID_init          pid.o
    0x08003704   0x08003704   0x0000000c   Code   RO          880    i.PS2_AnologData    ps2.o
    0x08003710   0x08003710   0x00000018   Code   RO          881    i.PS2_ClearData     ps2.o
    0x08003728   0x08003728   0x0000009c   Code   RO          882    i.PS2_Cmd           ps2.o
    0x080037c4   0x080037c4   0x00000054   Code   RO          883    i.PS2_DataKey       ps2.o
    0x08003818   0x08003818   0x00000060   Code   RO          884    i.PS2_EnterConfing  ps2.o
    0x08003878   0x08003878   0x00000060   Code   RO          885    i.PS2_ExitConfing   ps2.o
    0x080038d8   0x080038d8   0x000000bc   Code   RO          886    i.PS2_ReadData      ps2.o
    0x08003994   0x08003994   0x00000020   Code   RO          888    i.PS2_SetInit       ps2.o
    0x080039b4   0x080039b4   0x00000048   Code   RO          889    i.PS2_ShortPoll     ps2.o
    0x080039fc   0x080039fc   0x00000058   Code   RO          890    i.PS2_TurnOnAnalogMode  ps2.o
    0x08003a54   0x08003a54   0x00000048   Code   RO          892    i.PS2_VibrationMode  ps2.o
    0x08003a9c   0x08003a9c   0x00000008   Code   RO         1263    i.PVD_IRQHandler    stm32f1xx_it.o
    0x08003aa4   0x08003aa4   0x000000e4   Code   RO          847    i.PWMSet            pwmset.o
    0x08003b88   0x08003b88   0x00000028   Code   RO         2620    i.RCC_Delay         stm32f1xx_hal_rcc.o
    0x08003bb0   0x08003bb0   0x0000000a   Code   RO         1077    i.StartDefaultTask  freertos.o
    0x08003bba   0x08003bba   0x00000016   Code   RO         5098    i.SysTick_Handler   cmsis_os2.o
    0x08003bd0   0x08003bd0   0x00000066   Code   RO          991    i.SystemClock_Config  main.o
    0x08003c36   0x08003c36   0x00000002   Code   RO         3918    i.SystemInit        system_stm32f1xx.o
    0x08003c38   0x08003c38   0x00000010   Code   RO         1264    i.TIM1_UP_IRQHandler  stm32f1xx_it.o
    0x08003c48   0x08003c48   0x00000010   Code   RO         1265    i.TIM3_IRQHandler   stm32f1xx_it.o
    0x08003c58   0x08003c58   0x00000084   Code   RO         1543    i.TIM_Base_SetConfig  stm32f1xx_hal_tim.o
    0x08003cdc   0x08003cdc   0x00000022   Code   RO         1544    i.TIM_CCxChannelCmd  stm32f1xx_hal_tim.o
    0x08003cfe   0x08003cfe   0x00000016   Code   RO         1554    i.TIM_ETR_SetConfig  stm32f1xx_hal_tim.o
    0x08003d14   0x08003d14   0x00000012   Code   RO         1555    i.TIM_ITRx_SetConfig  stm32f1xx_hal_tim.o
    0x08003d26   0x08003d26   0x00000002   PAD
    0x08003d28   0x08003d28   0x00000060   Code   RO         1556    i.TIM_OC1_SetConfig  stm32f1xx_hal_tim.o
    0x08003d88   0x08003d88   0x00000068   Code   RO         1557    i.TIM_OC2_SetConfig  stm32f1xx_hal_tim.o
    0x08003df0   0x08003df0   0x00000068   Code   RO         1558    i.TIM_OC3_SetConfig  stm32f1xx_hal_tim.o
    0x08003e58   0x08003e58   0x00000048   Code   RO         1559    i.TIM_OC4_SetConfig  stm32f1xx_hal_tim.o
    0x08003ea0   0x08003ea0   0x00000026   Code   RO         1561    i.TIM_TI1_ConfigInputStage  stm32f1xx_hal_tim.o
    0x08003ec6   0x08003ec6   0x00000028   Code   RO         1563    i.TIM_TI2_ConfigInputStage  stm32f1xx_hal_tim.o
    0x08003eee   0x08003eee   0x00000016   Code   RO         5099    i.TimerCallback     cmsis_os2.o
    0x08003f04   0x08003f04   0x00000004   Code   RO         1266    i.UsageFault_Handler  stm32f1xx_it.o
    0x08003f08   0x08003f08   0x00000028   Code   RO         5902    i.__ARM_fpclassify  m_ws.l(fpclassify.o)
    0x08003f30   0x08003f30   0x00000010   Code   RO         2927    i.__NVIC_GetPriorityGrouping  stm32f1xx_hal_cortex.o
    0x08003f40   0x08003f40   0x00000028   Code   RO         2928    i.__NVIC_SetPriority  stm32f1xx_hal_cortex.o
    0x08003f68   0x08003f68   0x00000006   Code   RO         5100    i.__get_IPSR        cmsis_os2.o
    0x08003f6e   0x08003f6e   0x000000aa   Code   RO         5904    i.__kernel_poly     m_ws.l(poly.o)
    0x08004018   0x08004018   0x00000006   Code   RO         5889    i.__mathlib_dbl_infnan  m_ws.l(dunder.o)
    0x0800401e   0x0800401e   0x00000004   Code   RO         5890    i.__mathlib_dbl_infnan2  m_ws.l(dunder.o)
    0x08004022   0x08004022   0x0000000c   Code   RO         5891    i.__mathlib_dbl_invalid  m_ws.l(dunder.o)
    0x0800402e   0x0800402e   0x00000002   PAD
    0x08004030   0x08004030   0x00000010   Code   RO         5894    i.__mathlib_dbl_underflow  m_ws.l(dunder.o)
    0x08004040   0x08004040   0x00000270   Code   RO         5827    i.asin              m_ws.l(asin.o)
    0x080042b0   0x080042b0   0x00000220   Code   RO         5879    i.atan              m_ws.l(atan.o)
    0x080044d0   0x080044d0   0x00000180   Code   RO         5837    i.atan2             m_ws.l(atan2.o)
    0x08004650   0x08004650   0x00000064   Code   RO          439    i.decode_gesture    inv_mpu_dmp_motion_driver.o
    0x080046b4   0x080046b4   0x00000030   Code   RO          893    i.delay_us_nos      ps2.o
    0x080046e4   0x080046e4   0x0000003c   Code   RO          440    i.dmp_enable_6x_lp_quat  inv_mpu_dmp_motion_driver.o
    0x08004720   0x08004720   0x0000021c   Code   RO          441    i.dmp_enable_feature  inv_mpu_dmp_motion_driver.o
    0x0800493c   0x0800493c   0x00000058   Code   RO          442    i.dmp_enable_gyro_cal  inv_mpu_dmp_motion_driver.o
    0x08004994   0x08004994   0x0000003c   Code   RO          443    i.dmp_enable_lp_quat  inv_mpu_dmp_motion_driver.o
    0x080049d0   0x080049d0   0x00000018   Code   RO          448    i.dmp_load_motion_driver_firmware  inv_mpu_dmp_motion_driver.o
    0x080049e8   0x080049e8   0x000001d4   Code   RO          449    i.dmp_read_fifo     inv_mpu_dmp_motion_driver.o
    0x08004bbc   0x08004bbc   0x00000070   Code   RO          453    i.dmp_set_fifo_rate  inv_mpu_dmp_motion_driver.o
    0x08004c2c   0x08004c2c   0x00000138   Code   RO          456    i.dmp_set_orientation  inv_mpu_dmp_motion_driver.o
    0x08004d64   0x08004d64   0x00000038   Code   RO          459    i.dmp_set_shake_reject_thresh  inv_mpu_dmp_motion_driver.o
    0x08004d9c   0x08004d9c   0x00000026   Code   RO          460    i.dmp_set_shake_reject_time  inv_mpu_dmp_motion_driver.o
    0x08004dc2   0x08004dc2   0x00000026   Code   RO          461    i.dmp_set_shake_reject_timeout  inv_mpu_dmp_motion_driver.o
    0x08004de8   0x08004de8   0x00000046   Code   RO          462    i.dmp_set_tap_axes  inv_mpu_dmp_motion_driver.o
    0x08004e2e   0x08004e2e   0x00000026   Code   RO          463    i.dmp_set_tap_count  inv_mpu_dmp_motion_driver.o
    0x08004e54   0x08004e54   0x000001a0   Code   RO          464    i.dmp_set_tap_thresh  inv_mpu_dmp_motion_driver.o
    0x08004ff4   0x08004ff4   0x00000026   Code   RO          465    i.dmp_set_tap_time  inv_mpu_dmp_motion_driver.o
    0x0800501a   0x0800501a   0x00000026   Code   RO          466    i.dmp_set_tap_time_multi  inv_mpu_dmp_motion_driver.o
    0x08005040   0x08005040   0x00000028   Code   RO          640    i.inv_orientation_matrix_to_scalar  mpu6050.o
    0x08005068   0x08005068   0x0000004e   Code   RO          641    i.inv_row_2_scale   mpu6050.o
    0x080050b6   0x080050b6   0x00000002   PAD
    0x080050b8   0x080050b8   0x0000007c   Code   RO          992    i.main              main.o
    0x08005134   0x08005134   0x00000070   Code   RO           17    i.mpu_configure_fifo  inv_mpu.o
    0x080051a4   0x080051a4   0x0000004c   Code   RO           18    i.mpu_get_accel_fsr  inv_mpu.o
    0x080051f0   0x080051f0   0x00000120   Code   RO           34    i.mpu_init          inv_mpu.o
    0x08005310   0x08005310   0x000000cc   Code   RO           35    i.mpu_load_firmware  inv_mpu.o
    0x080053dc   0x080053dc   0x00000100   Code   RO           36    i.mpu_lp_accel_mode  inv_mpu.o
    0x080054dc   0x080054dc   0x000000f0   Code   RO           42    i.mpu_read_fifo_stream  inv_mpu.o
    0x080055cc   0x080055cc   0x0000009c   Code   RO           43    i.mpu_read_mem      inv_mpu.o
    0x08005668   0x08005668   0x00000268   Code   RO           46    i.mpu_reset_fifo    inv_mpu.o
    0x080058d0   0x080058d0   0x00000098   Code   RO           50    i.mpu_set_accel_fsr  inv_mpu.o
    0x08005968   0x08005968   0x000001a8   Code   RO           51    i.mpu_set_bypass    inv_mpu.o
    0x08005b10   0x08005b10   0x000000b0   Code   RO           53    i.mpu_set_dmp_state  inv_mpu.o
    0x08005bc0   0x08005bc0   0x0000009c   Code   RO           55    i.mpu_set_gyro_fsr  inv_mpu.o
    0x08005c5c   0x08005c5c   0x00000080   Code   RO           56    i.mpu_set_int_latched  inv_mpu.o
    0x08005cdc   0x08005cdc   0x00000098   Code   RO           58    i.mpu_set_lpf       inv_mpu.o
    0x08005d74   0x08005d74   0x000000b0   Code   RO           59    i.mpu_set_sample_rate  inv_mpu.o
    0x08005e24   0x08005e24   0x000000f0   Code   RO           60    i.mpu_set_sensors   inv_mpu.o
    0x08005f14   0x08005f14   0x0000009c   Code   RO           61    i.mpu_write_mem     inv_mpu.o
    0x08005fb0   0x08005fb0   0x0000001e   Code   RO         5101    i.osDelay           cmsis_os2.o
    0x08005fce   0x08005fce   0x00000002   PAD
    0x08005fd0   0x08005fd0   0x0000002c   Code   RO         5115    i.osKernelInitialize  cmsis_os2.o
    0x08005ffc   0x08005ffc   0x00000060   Code   RO         5118    i.osKernelStart     cmsis_os2.o
    0x0800605c   0x0800605c   0x00000080   Code   RO         5130    i.osMessageQueueGet  cmsis_os2.o
    0x080060dc   0x080060dc   0x0000009a   Code   RO         5135    i.osMessageQueueNew  cmsis_os2.o
    0x08006176   0x08006176   0x00000002   PAD
    0x08006178   0x08006178   0x00000084   Code   RO         5136    i.osMessageQueuePut  cmsis_os2.o
    0x080061fc   0x080061fc   0x000000b8   Code   RO         5160    i.osThreadNew       cmsis_os2.o
    0x080062b4   0x080062b4   0x000000bc   Code   RO         5169    i.osTimerNew        cmsis_os2.o
    0x08006370   0x08006370   0x0000007c   Code   RO         4535    i.prvAddCurrentTaskToDelayedList  tasks.o
    0x080063ec   0x080063ec   0x000000b8   Code   RO         4536    i.prvAddNewTaskToReadyList  tasks.o
    0x080064a4   0x080064a4   0x00000074   Code   RO         4911    i.prvCheckForValidListAndQueue  timers.o
    0x08006518   0x08006518   0x00000048   Code   RO         4537    i.prvCheckTasksWaitingTermination  tasks.o
    0x08006560   0x08006560   0x0000002a   Code   RO         4122    i.prvCopyDataFromQueue  queue.o
    0x0800658a   0x0800658a   0x0000007e   Code   RO         4123    i.prvCopyDataToQueue  queue.o
    0x08006608   0x08006608   0x00000050   Code   RO         4538    i.prvDeleteTCB      tasks.o
    0x08006658   0x08006658   0x00000028   Code   RO         4912    i.prvGetNextExpireTime  timers.o
    0x08006680   0x08006680   0x0000007c   Code   RO         5628    i.prvHeapInit       heap_4.o
    0x080066fc   0x080066fc   0x00000028   Code   RO         4539    i.prvIdleTask       tasks.o
    0x08006724   0x08006724   0x0000002a   Code   RO         4126    i.prvInitialiseNewQueue  queue.o
    0x0800674e   0x0800674e   0x000000be   Code   RO         4540    i.prvInitialiseNewTask  tasks.o
    0x0800680c   0x0800680c   0x0000005a   Code   RO         4913    i.prvInitialiseNewTimer  timers.o
    0x08006866   0x08006866   0x00000002   PAD
    0x08006868   0x08006868   0x00000068   Code   RO         4541    i.prvInitialiseTaskLists  tasks.o
    0x080068d0   0x080068d0   0x00000068   Code   RO         5629    i.prvInsertBlockIntoFreeList  heap_4.o
    0x08006938   0x08006938   0x00000058   Code   RO         4914    i.prvInsertTimerInActiveList  timers.o
    0x08006990   0x08006990   0x0000001a   Code   RO         4127    i.prvIsQueueEmpty   queue.o
    0x080069aa   0x080069aa   0x0000001e   Code   RO         4128    i.prvIsQueueFull    queue.o
    0x080069c8   0x080069c8   0x00000074   Code   RO         4915    i.prvProcessExpiredTimer  timers.o
    0x08006a3c   0x08006a3c   0x00000164   Code   RO         4916    i.prvProcessReceivedCommands  timers.o
    0x08006ba0   0x08006ba0   0x00000074   Code   RO         4917    i.prvProcessTimerOrBlockTask  timers.o
    0x08006c14   0x08006c14   0x00000034   Code   RO         4543    i.prvResetNextTaskUnblockTime  tasks.o
    0x08006c48   0x08006c48   0x0000002c   Code   RO         4918    i.prvSampleTimeNow  timers.o
    0x08006c74   0x08006c74   0x000000a4   Code   RO         4919    i.prvSwitchTimerLists  timers.o
    0x08006d18   0x08006d18   0x00000040   Code   RO         5684    i.prvTaskExitError  port.o
    0x08006d58   0x08006d58   0x0000001a   Code   RO         4920    i.prvTimerTask      timers.o
    0x08006d72   0x08006d72   0x0000007e   Code   RO         4129    i.prvUnlockQueue    queue.o
    0x08006df0   0x08006df0   0x000001c4   Code   RO         1078    i.ps2Task04         freertos.o
    0x08006fb4   0x08006fb4   0x0000014c   Code   RO         5630    i.pvPortMalloc      heap_4.o
    0x08007100   0x08007100   0x0000002c   Code   RO         4921    i.pvTimerGetTimerID  timers.o
    0x0800712c   0x0800712c   0x00000024   Code   RO         5685    i.pxPortInitialiseStack  port.o
    0x08007150   0x08007150   0x000000b0   Code   RO           62    i.set_int_enable    inv_mpu.o
    0x08007200   0x08007200   0x0000004c   Code   RO         5908    i.sqrt              m_ws.l(sqrt.o)
    0x0800724c   0x0800724c   0x00000028   Code   RO         4082    i.uxListRemove      list.o
    0x08007274   0x08007274   0x00000018   Code   RO         5172    i.vApplicationGetIdleTaskMemory  cmsis_os2.o
    0x0800728c   0x0800728c   0x00000018   Code   RO         5173    i.vApplicationGetTimerTaskMemory  cmsis_os2.o
    0x080072a4   0x080072a4   0x0000001a   Code   RO         4083    i.vListInitialise   list.o
    0x080072be   0x080072be   0x00000006   Code   RO         4084    i.vListInitialiseItem  list.o
    0x080072c4   0x080072c4   0x00000034   Code   RO         4085    i.vListInsert       list.o
    0x080072f8   0x080072f8   0x00000018   Code   RO         4086    i.vListInsertEnd    list.o
    0x08007310   0x08007310   0x00000054   Code   RO         5687    i.vPortEnterCritical  port.o
    0x08007364   0x08007364   0x0000003c   Code   RO         5688    i.vPortExitCritical  port.o
    0x080073a0   0x080073a0   0x000000a4   Code   RO         5631    i.vPortFree         heap_4.o
    0x08007444   0x08007444   0x00000028   Code   RO         5689    i.vPortSetupTimerInterrupt  port.o
    0x0800746c   0x0800746c   0x00000078   Code   RO         5690    i.vPortValidateInterruptPriority  port.o
    0x080074e4   0x080074e4   0x0000002c   Code   RO         4135    i.vQueueAddToRegistry  queue.o
    0x08007510   0x08007510   0x0000004a   Code   RO         4139    i.vQueueWaitForMessageRestricted  queue.o
    0x0800755a   0x0800755a   0x00000002   PAD
    0x0800755c   0x0800755c   0x0000005c   Code   RO         4556    i.vTaskDelay        tasks.o
    0x080075b8   0x080075b8   0x00000018   Code   RO         4561    i.vTaskInternalSetTimeOutState  tasks.o
    0x080075d0   0x080075d0   0x0000000c   Code   RO         4562    i.vTaskMissedYield  tasks.o
    0x080075dc   0x080075dc   0x00000038   Code   RO         4564    i.vTaskPlaceOnEventList  tasks.o
    0x08007614   0x08007614   0x00000040   Code   RO         4565    i.vTaskPlaceOnEventListRestricted  tasks.o
    0x08007654   0x08007654   0x000000b8   Code   RO         4573    i.vTaskStartScheduler  tasks.o
    0x0800770c   0x0800770c   0x00000010   Code   RO         4575    i.vTaskSuspendAll   tasks.o
    0x0800771c   0x0800771c   0x00000090   Code   RO         4576    i.vTaskSwitchContext  tasks.o
    0x080077ac   0x080077ac   0x000000f8   Code   RO         5691    i.xPortStartScheduler  port.o
    0x080078a4   0x080078a4   0x00000034   Code   RO         5692    i.xPortSysTickHandler  port.o
    0x080078d8   0x080078d8   0x0000005a   Code   RO         4144    i.xQueueGenericCreate  queue.o
    0x08007932   0x08007932   0x000000e0   Code   RO         4145    i.xQueueGenericCreateStatic  queue.o
    0x08007a12   0x08007a12   0x00000002   PAD
    0x08007a14   0x08007a14   0x00000098   Code   RO         4146    i.xQueueGenericReset  queue.o
    0x08007aac   0x08007aac   0x000001a8   Code   RO         4147    i.xQueueGenericSend  queue.o
    0x08007c54   0x08007c54   0x000000fc   Code   RO         4148    i.xQueueGenericSendFromISR  queue.o
    0x08007d50   0x08007d50   0x00000168   Code   RO         4157    i.xQueueReceive     queue.o
    0x08007eb8   0x08007eb8   0x000000ca   Code   RO         4158    i.xQueueReceiveFromISR  queue.o
    0x08007f82   0x08007f82   0x00000002   PAD
    0x08007f84   0x08007f84   0x0000008c   Code   RO         4578    i.xTaskCheckForTimeOut  tasks.o
    0x08008010   0x08008010   0x00000064   Code   RO         4579    i.xTaskCreate       tasks.o
    0x08008074   0x08008074   0x000000ba   Code   RO         4580    i.xTaskCreateStatic  tasks.o
    0x0800812e   0x0800812e   0x00000002   PAD
    0x08008130   0x08008130   0x00000020   Code   RO         4584    i.xTaskGetSchedulerState  tasks.o
    0x08008150   0x08008150   0x0000000c   Code   RO         4585    i.xTaskGetTickCount  tasks.o
    0x0800815c   0x0800815c   0x00000144   Code   RO         4587    i.xTaskIncrementTick  tasks.o
    0x080082a0   0x080082a0   0x000000a4   Code   RO         4590    i.xTaskPriorityDisinherit  tasks.o
    0x08008344   0x08008344   0x00000098   Code   RO         4592    i.xTaskRemoveFromEventList  tasks.o
    0x080083dc   0x080083dc   0x00000104   Code   RO         4593    i.xTaskResumeAll    tasks.o
    0x080084e0   0x080084e0   0x00000036   Code   RO         4927    i.xTimerCreate      timers.o
    0x08008516   0x08008516   0x00000072   Code   RO         4928    i.xTimerCreateStatic  timers.o
    0x08008588   0x08008588   0x00000078   Code   RO         4929    i.xTimerCreateTimerTask  timers.o
    0x08008600   0x08008600   0x00000084   Code   RO         4930    i.xTimerGenericCommand  timers.o
    0x08008684   0x08008684   0x00000062   Code   RO         5780    x$fpl$d2f           fz_ws.l(d2f.o)
    0x080086e6   0x080086e6   0x00000002   PAD
    0x080086e8   0x080086e8   0x00000150   Code   RO         5853    x$fpl$dadd          fz_ws.l(daddsub_clz.o)
    0x08008838   0x08008838   0x00000010   Code   RO         5939    x$fpl$dcheck1       fz_ws.l(dcheck1.o)
    0x08008848   0x08008848   0x00000018   Code   RO         5859    x$fpl$dcmpinf       fz_ws.l(dcmpi.o)
    0x08008860   0x08008860   0x000002b0   Code   RO         5862    x$fpl$ddiv          fz_ws.l(ddiv.o)
    0x08008b10   0x08008b10   0x0000005a   Code   RO         5782    x$fpl$dfixu         fz_ws.l(dfixu.o)
    0x08008b6a   0x08008b6a   0x00000002   PAD
    0x08008b6c   0x08008b6c   0x00000078   Code   RO         5786    x$fpl$dleqf         fz_ws.l(dleqf.o)
    0x08008be4   0x08008be4   0x00000154   Code   RO         5788    x$fpl$dmul          fz_ws.l(dmul.o)
    0x08008d38   0x08008d38   0x0000009c   Code   RO         5865    x$fpl$dnaninf       fz_ws.l(dnaninf.o)
    0x08008dd4   0x08008dd4   0x0000000c   Code   RO         5867    x$fpl$dretinf       fz_ws.l(dretinf.o)
    0x08008de0   0x08008de0   0x0000006c   Code   RO         5790    x$fpl$drleqf        fz_ws.l(drleqf.o)
    0x08008e4c   0x08008e4c   0x00000016   Code   RO         5854    x$fpl$drsb          fz_ws.l(daddsub_clz.o)
    0x08008e62   0x08008e62   0x00000002   PAD
    0x08008e64   0x08008e64   0x000001cc   Code   RO         5941    x$fpl$dsqrt         fz_ws.l(dsqrt_noumaal.o)
    0x08009030   0x08009030   0x000001d4   Code   RO         5855    x$fpl$dsub          fz_ws.l(daddsub_clz.o)
    0x08009204   0x08009204   0x00000056   Code   RO         5792    x$fpl$f2d           fz_ws.l(f2d.o)
    0x0800925a   0x0800925a   0x00000002   PAD
    0x0800925c   0x0800925c   0x000000c4   Code   RO         5794    x$fpl$fadd          fz_ws.l(faddsub_clz.o)
    0x08009320   0x08009320   0x00000018   Code   RO         5869    x$fpl$fcmpinf       fz_ws.l(fcmpi.o)
    0x08009338   0x08009338   0x00000184   Code   RO         5801    x$fpl$fdiv          fz_ws.l(fdiv.o)
    0x080094bc   0x080094bc   0x00000068   Code   RO         5804    x$fpl$feqf          fz_ws.l(feqf.o)
    0x08009524   0x08009524   0x00000036   Code   RO         5806    x$fpl$ffix          fz_ws.l(ffix.o)
    0x0800955a   0x0800955a   0x00000002   PAD
    0x0800955c   0x0800955c   0x0000003e   Code   RO         5810    x$fpl$ffixu         fz_ws.l(ffixu.o)
    0x0800959a   0x0800959a   0x00000002   PAD
    0x0800959c   0x0800959c   0x00000030   Code   RO         5815    x$fpl$fflt          fz_ws.l(fflt_clz.o)
    0x080095cc   0x080095cc   0x00000026   Code   RO         5814    x$fpl$ffltu         fz_ws.l(fflt_clz.o)
    0x080095f2   0x080095f2   0x00000002   PAD
    0x080095f4   0x080095f4   0x00000068   Code   RO         5820    x$fpl$fleqf         fz_ws.l(fleqf.o)
    0x0800965c   0x0800965c   0x00000102   Code   RO         5822    x$fpl$fmul          fz_ws.l(fmul.o)
    0x0800975e   0x0800975e   0x0000008c   Code   RO         5871    x$fpl$fnaninf       fz_ws.l(fnaninf.o)
    0x080097ea   0x080097ea   0x0000000a   Code   RO         5873    x$fpl$fretinf       fz_ws.l(fretinf.o)
    0x080097f4   0x080097f4   0x00000062   Code   RO         5824    x$fpl$frleqf        fz_ws.l(frleqf.o)
    0x08009856   0x08009856   0x00000014   Code   RO         5795    x$fpl$frsb          fz_ws.l(faddsub_clz.o)
    0x0800986a   0x0800986a   0x00000002   PAD
    0x0800986c   0x0800986c   0x000000ea   Code   RO         5796    x$fpl$fsub          fz_ws.l(faddsub_clz.o)
    0x08009956   0x08009956   0x00000064   Code   RO         5958    x$fpl$retnan        fz_ws.l(retnan.o)
    0x080099ba   0x080099ba   0x0000005c   Code   RO         5875    x$fpl$scalbn        fz_ws.l(scalbn.o)
    0x08009a16   0x08009a16   0x00000030   Code   RO         6011    x$fpl$trapveneer    fz_ws.l(trapv.o)
    0x08009a46   0x08009a46   0x00000000   Code   RO         5877    x$fpl$usenofp       fz_ws.l(usenofp.o)
    0x08009a46   0x08009a46   0x00000002   PAD
    0x08009a48   0x08009a48   0x00000054   Data   RO           63    .constdata          inv_mpu.o
    0x08009a9c   0x08009a9c   0x00000bf6   Data   RO          468    .constdata          inv_mpu_dmp_motion_driver.o
    0x0800a692   0x0800a692   0x00000002   PAD
    0x0800a694   0x0800a694   0x00000178   Data   RO         1080    .constdata          freertos.o
    0x0800a80c   0x0800a80c   0x00000012   Data   RO         2621    .constdata          stm32f1xx_hal_rcc.o
    0x0800a81e   0x0800a81e   0x00000018   Data   RO         3919    .constdata          system_stm32f1xx.o
    0x0800a836   0x0800a836   0x00000002   PAD
    0x0800a838   0x0800a838   0x00000050   Data   RO         5828    .constdata          m_ws.l(asin.o)
    0x0800a888   0x0800a888   0x00000098   Data   RO         5880    .constdata          m_ws.l(atan.o)
    0x0800a920   0x0800a920   0x00000008   Data   RO         5906    .constdata          m_ws.l(qnan.o)
    0x0800a928   0x0800a928   0x000000f8   Data   RO         1081    .conststring        freertos.o
    0x0800aa20   0x0800aa20   0x00000020   Data   RO         6090    Region$$Table       anon$$obj.o


    Execution Region RW_IRAM1 (Exec base: 0x20000000, Load base: 0x0800aa40, Size: 0x00003908, Max: 0x00005000, ABSOLUTE, COMPRESSED[0x00000064])

    Exec Addr    Load Addr    Size         Type   Attr      Idx    E Section Name        Object

    0x20000000   COMPRESSED   0x0000002c   Data   RW           64    .data               inv_mpu.o
    0x2000002c   COMPRESSED   0x00000009   Data   RW          642    .data               mpu6050.o
    0x20000035   COMPRESSED   0x00000003   PAD
    0x20000038   COMPRESSED   0x0000000a   Data   RW          677    .data               pid.o
    0x20000042   COMPRESSED   0x00000024   Data   RW          895    .data               ps2.o
    0x20000066   COMPRESSED   0x00000002   PAD
    0x20000068   COMPRESSED   0x000000c4   Data   RW         1082    .data               freertos.o
    0x2000012c   COMPRESSED   0x00000009   Data   RW         2457    .data               stm32f1xx_hal.o
    0x20000135   COMPRESSED   0x00000003   PAD
    0x20000138   COMPRESSED   0x00000004   Data   RW         3920    .data               system_stm32f1xx.o
    0x2000013c   COMPRESSED   0x0000003c   Data   RW         4596    .data               tasks.o
    0x20000178   COMPRESSED   0x00000014   Data   RW         4938    .data               timers.o
    0x2000018c   COMPRESSED   0x00000004   Data   RW         5175    .data               cmsis_os2.o
    0x20000190   COMPRESSED   0x00000020   Data   RW         5637    .data               heap_4.o
    0x200001b0   COMPRESSED   0x0000000c   Data   RW         5693    .data               port.o
    0x200001bc        -       0x00000010   Zero   RW          467    .bss                inv_mpu_dmp_motion_driver.o
    0x200001cc        -       0x00000009   Zero   RW          894    .bss                ps2.o
    0x200001d5   COMPRESSED   0x00000003   PAD
    0x200001d8        -       0x00000030   Zero   RW          993    .bss                main.o
    0x20000208        -       0x000002a0   Zero   RW         1079    .bss                freertos.o
    0x200004a8        -       0x00000054   Zero   RW         1150    .bss                i2c.o
    0x200004fc        -       0x00000090   Zero   RW         1196    .bss                tim.o
    0x2000058c        -       0x00000048   Zero   RW         1376    .bss                stm32f1xx_hal_timebase_tim.o
    0x200005d4        -       0x00000040   Zero   RW         4161    .bss                queue.o
    0x20000614        -       0x000004c4   Zero   RW         4595    .bss                tasks.o
    0x20000ad8        -       0x00000118   Zero   RW         4937    .bss                timers.o
    0x20000bf0        -       0x000006b8   Zero   RW         5174    .bss                cmsis_os2.o
    0x200012a8        -       0x00002000   Zero   RW         5636    .bss                heap_4.o
    0x200032a8        -       0x00000060   Zero   RW         5944    .bss                c_w.l(libspace.o)
    0x20003308        -       0x00000200   Zero   RW            2    HEAP                startup_stm32f103xb.o
    0x20003508        -       0x00000400   Zero   RW            1    STACK               startup_stm32f103xb.o


==============================================================================

Image component sizes


      Code (inc. data)   RO Data    RW Data    ZI Data      Debug   Object Name

      1054         52          0          4       1720      62492   cmsis_os2.o
       108         16          0          0          0      12260   encoder.o
         0          0          0          0          0      21972   event_groups.o
      2064        370        624        196        672       7517   freertos.o
       388         20          0          0          0       1027   gpio.o
       724         74          0         32       8192       4623   heap_4.o
       200         28          0          0         84       1581   i2c.o
      3884        152         84         44          0     443405   inv_mpu.o
      2496        110       3062          0         16      18161   inv_mpu_dmp_motion_driver.o
       148          0          0          0          0       3278   list.o
       740         98          0          0         48       4713   main.o
       822          8          0          9          0       3502   mpu6050.o
       632         22          0         10          0       3316   pid.o
       854         78          0         12          0      10641   port.o
       968         92          0         36          9       6515   ps2.o
       228          6          0          0          0       2289   pwmset.o
      2214         20          0          0         64      19001   queue.o
        64         26        236          0       1536        788   startup_stm32f103xb.o
       116         24          0          9          0       5094   stm32f1xx_hal.o
       252         22          0          0          0      28534   stm32f1xx_hal_cortex.o
       856         38          0          0          0       3802   stm32f1xx_hal_gpio.o
      3124         50          0          0          0      11330   stm32f1xx_hal_i2c.o
       112         10          0          0          0        858   stm32f1xx_hal_msp.o
        34          6          0          0          0        995   stm32f1xx_hal_pwr.o
      1816        108         18          0          0       6381   stm32f1xx_hal_rcc.o
      2204         74          0          0          0      15395   stm32f1xx_hal_tim.o
       136         14          0          0          0       2337   stm32f1xx_hal_tim_ex.o
       160         22          0          0         72       1359   stm32f1xx_hal_timebase_tim.o
       130         12          0          0          0       5136   stm32f1xx_it.o
         0          0          0          0          0        392   stream_buffer.o
         2          0         24          4          0       1047   system_stm32f1xx.o
      2808        346          0         60       1220      26022   tasks.o
       476         36          0          0        144       3311   tim.o
      1620        124          0         20        280      36039   timers.o

    ----------------------------------------------------------------------
     31464       2058       4084        444      14060     775113   Object Totals
         0          0         32          0          0          0   (incl. Generated)
        30          0          4          8          3          0   (incl. Padding)

    ----------------------------------------------------------------------

      Code (inc. data)   RO Data    RW Data    ZI Data      Debug   Library Member Name

        90          0          0          0          0          0   __dczerorl2.o
         8          0          0          0          0         68   __main.o
         0          0          0          0          0          0   __rtentry.o
        12          0          0          0          0          0   __rtentry2.o
         6          0          0          0          0          0   __rtentry4.o
        52          8          0          0          0          0   __scatter.o
        28          0          0          0          0          0   __scatter_zi.o
        22          0          0          0          0        100   _rserrno.o
        16          0          0          0          0         68   aeabi_memset.o
        18          0          0          0          0         80   exit.o
         6          0          0          0          0        152   heapauxi.o
         0          0          0          0          0          0   indicate_semi.o
         2          0          0          0          0          0   libinit.o
         2          0          0          0          0          0   libinit2.o
         2          0          0          0          0          0   libshutdown.o
         2          0          0          0          0          0   libshutdown2.o
         8          4          0          0         96         68   libspace.o
        88          0          0          0          0         76   memcmp.o
         8          4          0          0          0         68   rt_errno_addr_intlibspace.o
        68          0          0          0          0         68   rt_memclr.o
        78          0          0          0          0         80   rt_memclr_w.o
       138          0          0          0          0         68   rt_memcpy_v6.o
       100          0          0          0          0         80   rt_memcpy_w.o
         2          0          0          0          0          0   rtexit.o
        10          0          0          0          0          0   rtexit2.o
        12          4          0          0          0         68   sys_exit.o
        74          0          0          0          0         80   sys_stackheap_outer.o
         2          0          0          0          0         68   use_no_semi.o
        98          4          0          0          0         92   d2f.o
       826         16          0          0          0        348   daddsub_clz.o
        16          4          0          0          0         68   dcheck1.o
        24          0          0          0          0         68   dcmpi.o
       688        140          0          0          0        208   ddiv.o
        90          4          0          0          0         92   dfixu.o
       120          4          0          0          0         92   dleqf.o
       340         12          0          0          0        104   dmul.o
       156          4          0          0          0         92   dnaninf.o
        12          0          0          0          0         68   dretinf.o
       108          0          0          0          0         80   drleqf.o
       460         56          0          0          0        120   dsqrt_noumaal.o
        86          4          0          0          0         84   f2d.o
       450          8          0          0          0        236   faddsub_clz.o
        24          0          0          0          0         68   fcmpi.o
       388         76          0          0          0         96   fdiv.o
       104          4          0          0          0         84   feqf.o
        54          4          0          0          0         84   ffix.o
        62          4          0          0          0         84   ffixu.o
        86          0          0          0          0        136   fflt_clz.o
       104          4          0          0          0         84   fleqf.o
       258          4          0          0          0         84   fmul.o
       140          4          0          0          0         84   fnaninf.o
        10          0          0          0          0         68   fretinf.o
        98          0          0          0          0         68   frleqf.o
       100          0          0          0          0         68   retnan.o
        92          0          0          0          0         68   scalbn.o
        48          0          0          0          0         68   trapv.o
         0          0          0          0          0          0   usenofp.o
       624         52         80          0          0        168   asin.o
       544         70        152          0          0        124   atan.o
       384         38          0          0          0        144   atan2.o
        38          6          0          0          0        272   dunder.o
        40          0          0          0          0         68   fpclassify.o
       170          0          0          0          0         96   poly.o
         0          0          8          0          0          0   qnan.o
        76          0          0          0          0         84   sqrt.o

    ----------------------------------------------------------------------
      7796        542        240          0         96       5044   Library Totals
        24          0          0          0          0          0   (incl. Padding)

    ----------------------------------------------------------------------

      Code (inc. data)   RO Data    RW Data    ZI Data      Debug   Library Name

       854         20          0          0         96       1192   c_w.l
      5042        356          0          0          0       2896   fz_ws.l
      1876        166        240          0          0        956   m_ws.l

    ----------------------------------------------------------------------
      7796        542        240          0         96       5044   Library Totals

    ----------------------------------------------------------------------

==============================================================================


      Code (inc. data)   RO Data    RW Data    ZI Data      Debug   

     39260       2600       4324        444      14156     765437   Grand Totals
     39260       2600       4324        100      14156     765437   ELF Image Totals (compressed)
     39260       2600       4324        100          0          0   ROM Totals

==============================================================================

    Total RO  Size (Code + RO Data)                43584 (  42.56kB)
    Total RW  Size (RW Data + ZI Data)             14600 (  14.26kB)
    Total ROM Size (Code + RO Data + RW Data)      43684 (  42.66kB)

==============================================================================

